Archive member included to satisfy reference by file (symbol)

test/support/libUartSupport.a(uart_output.o)
                              build/test/out/unity.o (uart_init)
/usr/lib/gcc/avr/4.9.2/avr6/libgcc.a(_udivmodsi4.o)
                              build/test/out/unity.o (__udivmodsi4)
/usr/lib/gcc/avr/4.9.2/avr6/libgcc.a(_divmodsi4.o)
                              build/test/out/unity.o (__divmodsi4)
/usr/lib/gcc/avr/4.9.2/avr6/libgcc.a(_negsi2.o)
                              /usr/lib/gcc/avr/4.9.2/avr6/libgcc.a(_divmodsi4.o) (__negsi2)
/usr/lib/gcc/avr/4.9.2/avr6/libgcc.a(_exit.o)
                              /usr/lib/gcc/avr/4.9.2/../../../avr/lib/avr6/crtatmega2560.o (exit)
/usr/lib/gcc/avr/4.9.2/avr6/libgcc.a(_tablejump2.o)
                              build/test/out/unity.o (__tablejump2__)
/usr/lib/gcc/avr/4.9.2/avr6/libgcc.a(_copy_data.o)
                              build/test/out/test_Things_runner.o (__do_copy_data)
/usr/lib/gcc/avr/4.9.2/avr6/libgcc.a(_clear_bss.o)
                              build/test/out/test_Things_runner.o (__do_clear_bss)
/usr/lib/gcc/avr/4.9.2/../../../avr/lib/avr6/libm.a(addsf3.o)
                              build/test/out/unity.o (__subsf3)
/usr/lib/gcc/avr/4.9.2/../../../avr/lib/avr6/libm.a(addsf3x.o)
                              /usr/lib/gcc/avr/4.9.2/../../../avr/lib/avr6/libm.a(addsf3.o) (__addsf3x)
/usr/lib/gcc/avr/4.9.2/../../../avr/lib/avr6/libm.a(cmpsf2.o)
                              build/test/out/unity.o (__eqsf2)
/usr/lib/gcc/avr/4.9.2/../../../avr/lib/avr6/libm.a(divsf3.o)
                              build/test/out/unity.o (__divsf3)
/usr/lib/gcc/avr/4.9.2/../../../avr/lib/avr6/libm.a(divsf3x.o)
                              /usr/lib/gcc/avr/4.9.2/../../../avr/lib/avr6/libm.a(divsf3.o) (__divsf3x)
/usr/lib/gcc/avr/4.9.2/../../../avr/lib/avr6/libm.a(fixsfsi.o)
                              build/test/out/unity.o (__fixsfsi)
/usr/lib/gcc/avr/4.9.2/../../../avr/lib/avr6/libm.a(fixunssfsi.o)
                              build/test/out/unity.o (__fixunssfsi)
/usr/lib/gcc/avr/4.9.2/../../../avr/lib/avr6/libm.a(floatsisf.o)
                              build/test/out/unity.o (__floatunsisf)
/usr/lib/gcc/avr/4.9.2/../../../avr/lib/avr6/libm.a(fp_cmp.o)
                              /usr/lib/gcc/avr/4.9.2/../../../avr/lib/avr6/libm.a(cmpsf2.o) (__fp_cmp)
/usr/lib/gcc/avr/4.9.2/../../../avr/lib/avr6/libm.a(fp_inf.o)
                              /usr/lib/gcc/avr/4.9.2/../../../avr/lib/avr6/libm.a(addsf3x.o) (__fp_inf)
/usr/lib/gcc/avr/4.9.2/../../../avr/lib/avr6/libm.a(fp_nan.o)
                              /usr/lib/gcc/avr/4.9.2/../../../avr/lib/avr6/libm.a(addsf3x.o) (__fp_nan)
/usr/lib/gcc/avr/4.9.2/../../../avr/lib/avr6/libm.a(fp_pscA.o)
                              /usr/lib/gcc/avr/4.9.2/../../../avr/lib/avr6/libm.a(addsf3x.o) (__fp_pscA)
/usr/lib/gcc/avr/4.9.2/../../../avr/lib/avr6/libm.a(fp_pscB.o)
                              /usr/lib/gcc/avr/4.9.2/../../../avr/lib/avr6/libm.a(addsf3x.o) (__fp_pscB)
/usr/lib/gcc/avr/4.9.2/../../../avr/lib/avr6/libm.a(fp_round.o)
                              /usr/lib/gcc/avr/4.9.2/../../../avr/lib/avr6/libm.a(addsf3.o) (__fp_round)
/usr/lib/gcc/avr/4.9.2/../../../avr/lib/avr6/libm.a(fp_split3.o)
                              /usr/lib/gcc/avr/4.9.2/../../../avr/lib/avr6/libm.a(addsf3x.o) (__fp_split3)
/usr/lib/gcc/avr/4.9.2/../../../avr/lib/avr6/libm.a(fp_zero.o)
                              /usr/lib/gcc/avr/4.9.2/../../../avr/lib/avr6/libm.a(addsf3x.o) (__fp_zero)
/usr/lib/gcc/avr/4.9.2/../../../avr/lib/avr6/libm.a(gesf2.o)
                              build/test/out/unity.o (__gesf2)
/usr/lib/gcc/avr/4.9.2/../../../avr/lib/avr6/libm.a(mulsf3.o)
                              build/test/out/unity.o (__mulsf3)
/usr/lib/gcc/avr/4.9.2/../../../avr/lib/avr6/libm.a(mulsf3x.o)
                              /usr/lib/gcc/avr/4.9.2/../../../avr/lib/avr6/libm.a(mulsf3.o) (__mulsf3x)
/usr/lib/gcc/avr/4.9.2/../../../avr/lib/avr6/libc.a(setjmp.o)
                              build/test/out/test_Things_runner.o (setjmp)

Allocating common symbols
Common symbol       size              file

GlobalExpectCount   0x2               build/test/out/test_Things_runner.o
GlobalVerifyOrder   0x2               build/test/out/test_Things_runner.o
Unity               0x38              build/test/out/unity.o
GlobalOrderError    0x2               build/test/out/test_Things_runner.o

Memory Configuration

Name             Origin             Length             Attributes
text             0x0000000000000000 0x0000000000100000 xr
data             0x0000000000800200 0x000000000000fe00 rw !x
eeprom           0x0000000000810000 0x0000000000010000 rw !x
fuse             0x0000000000820000 0x0000000000000400 rw !x
lock             0x0000000000830000 0x0000000000000400 rw !x
signature        0x0000000000840000 0x0000000000000400 rw !x
user_signatures  0x0000000000850000 0x0000000000000400 rw !x
*default*        0x0000000000000000 0xffffffffffffffff

Linker script and memory map

Address of section .data set to 0x800200
LOAD /usr/lib/gcc/avr/4.9.2/../../../avr/lib/avr6/crtatmega2560.o
LOAD build/test/out/test_Things_runner.o
LOAD build/test/out/test_Things.o
LOAD build/test/out/unity.o
LOAD build/test/out/cmock.o
LOAD test/support/libUartSupport.a
START GROUP
LOAD /usr/lib/gcc/avr/4.9.2/avr6/libgcc.a
LOAD /usr/lib/gcc/avr/4.9.2/../../../avr/lib/avr6/libm.a
LOAD /usr/lib/gcc/avr/4.9.2/../../../avr/lib/avr6/libc.a
LOAD /usr/lib/gcc/avr/4.9.2/../../../avr/lib/avr6/libatmega2560.a
END GROUP

.hash
 *(.hash)

.dynsym
 *(.dynsym)

.dynstr
 *(.dynstr)

.gnu.version
 *(.gnu.version)

.gnu.version_d
 *(.gnu.version_d)

.gnu.version_r
 *(.gnu.version_r)

.rel.init
 *(.rel.init)

.rela.init
 *(.rela.init)

.rel.text
 *(.rel.text)
 *(.rel.text.*)
 *(.rel.gnu.linkonce.t*)

.rela.text
 *(.rela.text)
 *(.rela.text.*)
 *(.rela.gnu.linkonce.t*)

.rel.fini
 *(.rel.fini)

.rela.fini
 *(.rela.fini)

.rel.rodata
 *(.rel.rodata)
 *(.rel.rodata.*)
 *(.rel.gnu.linkonce.r*)

.rela.rodata
 *(.rela.rodata)
 *(.rela.rodata.*)
 *(.rela.gnu.linkonce.r*)

.rel.data
 *(.rel.data)
 *(.rel.data.*)
 *(.rel.gnu.linkonce.d*)

.rela.data
 *(.rela.data)
 *(.rela.data.*)
 *(.rela.gnu.linkonce.d*)

.rel.ctors
 *(.rel.ctors)

.rela.ctors
 *(.rela.ctors)

.rel.dtors
 *(.rel.dtors)

.rela.dtors
 *(.rela.dtors)

.rel.got
 *(.rel.got)

.rela.got
 *(.rela.got)

.rel.bss
 *(.rel.bss)

.rela.bss
 *(.rela.bss)

.rel.plt
 *(.rel.plt)

.rela.plt
 *(.rela.plt)

.text           0x0000000000000000     0x2cd4
 *(.vectors)
 .vectors       0x0000000000000000       0xe4 /usr/lib/gcc/avr/4.9.2/../../../avr/lib/avr6/crtatmega2560.o
                0x0000000000000000                __vectors
                0x0000000000000000                __vector_default
 *(.vectors)
 *(.progmem.gcc*)
 .progmem.gcc_sw_table.UnityAssertFloatSpecial
                0x00000000000000e4       0x10 build/test/out/unity.o
                0x00000000000000f4                . = ALIGN (0x2)
                0x00000000000000f4                __trampolines_start = .
 *(.trampolines)
 .trampolines   0x00000000000000f4       0x10 linker stubs
 *(.trampolines*)
                0x0000000000000104                __trampolines_end = .
 *(.progmem*)
                0x0000000000000104                . = ALIGN (0x2)
 *(.jumptables)
 *(.jumptables*)
 *(.lowtext)
 *(.lowtext*)
                0x0000000000000104                __ctors_start = .
 *(.ctors)
                0x0000000000000104                __ctors_end = .
                0x0000000000000104                __dtors_start = .
 *(.dtors)
                0x0000000000000104                __dtors_end = .
 SORT(*)(.ctors)
 SORT(*)(.dtors)
 *(.init0)
 .init0         0x0000000000000104        0x0 /usr/lib/gcc/avr/4.9.2/../../../avr/lib/avr6/crtatmega2560.o
                0x0000000000000104                __init
 *(.init0)
 *(.init1)
 *(.init1)
 *(.init2)
 .init2         0x0000000000000104       0x10 /usr/lib/gcc/avr/4.9.2/../../../avr/lib/avr6/crtatmega2560.o
 *(.init2)
 *(.init3)
 *(.init3)
 *(.init4)
 .init4         0x0000000000000114       0x1a /usr/lib/gcc/avr/4.9.2/avr6/libgcc.a(_copy_data.o)
                0x0000000000000114                __do_copy_data
 .init4         0x000000000000012e       0x10 /usr/lib/gcc/avr/4.9.2/avr6/libgcc.a(_clear_bss.o)
                0x000000000000012e                __do_clear_bss
 *(.init4)
 *(.init5)
 *(.init5)
 *(.init6)
 *(.init6)
 *(.init7)
 *(.init7)
 *(.init8)
 *(.init8)
 *(.init9)
 .init9         0x000000000000013e        0x8 /usr/lib/gcc/avr/4.9.2/../../../avr/lib/avr6/crtatmega2560.o
 *(.init9)
 *(.text)
 .text          0x0000000000000146        0x4 /usr/lib/gcc/avr/4.9.2/../../../avr/lib/avr6/crtatmega2560.o
                0x0000000000000146                __vector_38
                0x0000000000000146                __vector_22
                0x0000000000000146                __vector_28
                0x0000000000000146                __vector_1
                0x0000000000000146                __vector_32
                0x0000000000000146                __vector_34
                0x0000000000000146                __vector_24
                0x0000000000000146                __vector_12
                0x0000000000000146                __vector_55
                0x0000000000000146                __vector_46
                0x0000000000000146                __bad_interrupt
                0x0000000000000146                __vector_6
                0x0000000000000146                __vector_31
                0x0000000000000146                __vector_35
                0x0000000000000146                __vector_39
                0x0000000000000146                __vector_3
                0x0000000000000146                __vector_23
                0x0000000000000146                __vector_30
                0x0000000000000146                __vector_45
                0x0000000000000146                __vector_25
                0x0000000000000146                __vector_11
                0x0000000000000146                __vector_54
                0x0000000000000146                __vector_13
                0x0000000000000146                __vector_17
                0x0000000000000146                __vector_19
                0x0000000000000146                __vector_56
                0x0000000000000146                __vector_7
                0x0000000000000146                __vector_49
                0x0000000000000146                __vector_41
                0x0000000000000146                __vector_43
                0x0000000000000146                __vector_27
                0x0000000000000146                __vector_5
                0x0000000000000146                __vector_33
                0x0000000000000146                __vector_47
                0x0000000000000146                __vector_52
                0x0000000000000146                __vector_37
                0x0000000000000146                __vector_4
                0x0000000000000146                __vector_44
                0x0000000000000146                __vector_51
                0x0000000000000146                __vector_9
                0x0000000000000146                __vector_2
                0x0000000000000146                __vector_21
                0x0000000000000146                __vector_15
                0x0000000000000146                __vector_36
                0x0000000000000146                __vector_29
                0x0000000000000146                __vector_40
                0x0000000000000146                __vector_8
                0x0000000000000146                __vector_26
                0x0000000000000146                __vector_48
                0x0000000000000146                __vector_14
                0x0000000000000146                __vector_53
                0x0000000000000146                __vector_10
                0x0000000000000146                __vector_50
                0x0000000000000146                __vector_16
                0x0000000000000146                __vector_18
                0x0000000000000146                __vector_20
                0x0000000000000146                __vector_42
 .text          0x000000000000014a        0x0 build/test/out/test_Things_runner.o
 .text          0x000000000000014a        0x0 build/test/out/test_Things.o
 .text          0x000000000000014a        0x0 build/test/out/unity.o
 .text          0x000000000000014a        0x0 build/test/out/cmock.o
 .text          0x000000000000014a        0x0 test/support/libUartSupport.a(uart_output.o)
 .text          0x000000000000014a        0x0 /usr/lib/gcc/avr/4.9.2/avr6/libgcc.a(_udivmodsi4.o)
 .text          0x000000000000014a        0x0 /usr/lib/gcc/avr/4.9.2/avr6/libgcc.a(_divmodsi4.o)
 .text          0x000000000000014a        0x0 /usr/lib/gcc/avr/4.9.2/avr6/libgcc.a(_negsi2.o)
 .text          0x000000000000014a        0x0 /usr/lib/gcc/avr/4.9.2/avr6/libgcc.a(_exit.o)
 .text          0x000000000000014a        0x0 /usr/lib/gcc/avr/4.9.2/avr6/libgcc.a(_tablejump2.o)
 .text          0x000000000000014a        0x0 /usr/lib/gcc/avr/4.9.2/avr6/libgcc.a(_copy_data.o)
 .text          0x000000000000014a        0x0 /usr/lib/gcc/avr/4.9.2/avr6/libgcc.a(_clear_bss.o)
 .text          0x000000000000014a        0x0 /usr/lib/gcc/avr/4.9.2/../../../avr/lib/avr6/libm.a(addsf3.o)
 .text          0x000000000000014a        0x0 /usr/lib/gcc/avr/4.9.2/../../../avr/lib/avr6/libm.a(addsf3x.o)
 .text          0x000000000000014a        0x0 /usr/lib/gcc/avr/4.9.2/../../../avr/lib/avr6/libm.a(cmpsf2.o)
 .text          0x000000000000014a        0x0 /usr/lib/gcc/avr/4.9.2/../../../avr/lib/avr6/libm.a(divsf3.o)
 .text          0x000000000000014a        0x0 /usr/lib/gcc/avr/4.9.2/../../../avr/lib/avr6/libm.a(divsf3x.o)
 .text          0x000000000000014a        0x0 /usr/lib/gcc/avr/4.9.2/../../../avr/lib/avr6/libm.a(fixsfsi.o)
 .text          0x000000000000014a        0x0 /usr/lib/gcc/avr/4.9.2/../../../avr/lib/avr6/libm.a(fixunssfsi.o)
 .text          0x000000000000014a        0x0 /usr/lib/gcc/avr/4.9.2/../../../avr/lib/avr6/libm.a(floatsisf.o)
 .text          0x000000000000014a        0x0 /usr/lib/gcc/avr/4.9.2/../../../avr/lib/avr6/libm.a(fp_cmp.o)
 .text          0x000000000000014a        0x0 /usr/lib/gcc/avr/4.9.2/../../../avr/lib/avr6/libm.a(fp_inf.o)
 .text          0x000000000000014a        0x0 /usr/lib/gcc/avr/4.9.2/../../../avr/lib/avr6/libm.a(fp_nan.o)
 .text          0x000000000000014a        0x0 /usr/lib/gcc/avr/4.9.2/../../../avr/lib/avr6/libm.a(fp_pscA.o)
 .text          0x000000000000014a        0x0 /usr/lib/gcc/avr/4.9.2/../../../avr/lib/avr6/libm.a(fp_pscB.o)
 .text          0x000000000000014a        0x0 /usr/lib/gcc/avr/4.9.2/../../../avr/lib/avr6/libm.a(fp_round.o)
 .text          0x000000000000014a        0x0 /usr/lib/gcc/avr/4.9.2/../../../avr/lib/avr6/libm.a(fp_split3.o)
 .text          0x000000000000014a        0x0 /usr/lib/gcc/avr/4.9.2/../../../avr/lib/avr6/libm.a(fp_zero.o)
 .text          0x000000000000014a        0x0 /usr/lib/gcc/avr/4.9.2/../../../avr/lib/avr6/libm.a(gesf2.o)
 .text          0x000000000000014a        0x0 /usr/lib/gcc/avr/4.9.2/../../../avr/lib/avr6/libm.a(mulsf3.o)
 .text          0x000000000000014a        0x0 /usr/lib/gcc/avr/4.9.2/../../../avr/lib/avr6/libm.a(mulsf3x.o)
 .text          0x000000000000014a        0x0 /usr/lib/gcc/avr/4.9.2/../../../avr/lib/avr6/libc.a(setjmp.o)
                0x000000000000014a                . = ALIGN (0x2)
 *(.text.*)
 .text.resetTest
                0x000000000000014a        0x8 build/test/out/test_Things_runner.o
                0x000000000000014a                resetTest
 .text.startup.main
                0x0000000000000152       0x78 build/test/out/test_Things_runner.o
                0x0000000000000152                main
 .text.test_something
                0x00000000000001ca       0x44 build/test/out/test_Things.o
                0x00000000000001ca                test_something
 .text.UnityFloatsWithin
                0x000000000000020e      0x17a build/test/out/unity.o
 .text.UnityPrintDecimalAndNumberWithLeadingZeros
                0x0000000000000388       0xbe build/test/out/unity.o
 .text.UnityPrintNumberUnsigned
                0x0000000000000446       0xc8 build/test/out/unity.o
                0x0000000000000446                UnityPrintNumberUnsigned
 .text.UnityPrintNumber
                0x000000000000050e       0x48 build/test/out/unity.o
                0x000000000000050e                UnityPrintNumber
 .text.UnityPrintNumberHex
                0x0000000000000556       0x64 build/test/out/unity.o
                0x0000000000000556                UnityPrintNumberHex
 .text.UnityPrint
                0x00000000000005ba       0x80 build/test/out/unity.o
                0x00000000000005ba                UnityPrint
 .text.UnityTestResultsBegin
                0x000000000000063a       0x58 build/test/out/unity.o
 .text.UnityTestResultsFailBegin
                0x0000000000000692       0x20 build/test/out/unity.o
 .text.UnityAddMsgIfSpecified
                0x00000000000006b2       0x6a build/test/out/unity.o
 .text.UnityIsOneArrayNull
                0x000000000000071c       0x5a build/test/out/unity.o
 .text.unlikely.UnityPrintExpectedAndActualStrings
                0x0000000000000776       0x74 build/test/out/unity.o
 .text.UnityPrintLen
                0x00000000000007ea       0xca build/test/out/unity.o
                0x00000000000007ea                UnityPrintLen
 .text.UnityPrintNumberByStyle
                0x00000000000008b4       0x5c build/test/out/unity.o
                0x00000000000008b4                UnityPrintNumberByStyle
 .text.UnityPrintMask
                0x0000000000000910       0xb4 build/test/out/unity.o
                0x0000000000000910                UnityPrintMask
 .text.UnityPrintFloat
                0x00000000000009c4      0x3e4 build/test/out/unity.o
                0x00000000000009c4                UnityPrintFloat
 .text.UnityConcludeTest
                0x0000000000000da8       0xcc build/test/out/unity.o
                0x0000000000000da8                UnityConcludeTest
 .text.UnityAssertBits
                0x0000000000000e74      0x116 build/test/out/unity.o
                0x0000000000000e74                UnityAssertBits
 .text.UnityAssertEqualNumber
                0x0000000000000f8a       0xee build/test/out/unity.o
                0x0000000000000f8a                UnityAssertEqualNumber
 .text.UnityAssertEqualIntArray
                0x0000000000001078      0x286 build/test/out/unity.o
                0x0000000000001078                UnityAssertEqualIntArray
 .text.UnityAssertEqualFloatArray
                0x00000000000012fe      0x208 build/test/out/unity.o
                0x00000000000012fe                UnityAssertEqualFloatArray
 .text.UnityAssertFloatsWithin
                0x0000000000001506       0xf0 build/test/out/unity.o
                0x0000000000001506                UnityAssertFloatsWithin
 .text.UnityAssertFloatSpecial
                0x00000000000015f6      0x276 build/test/out/unity.o
                0x00000000000015f6                UnityAssertFloatSpecial
 .text.UnityAssertNumbersWithin
                0x000000000000186c      0x182 build/test/out/unity.o
                0x000000000000186c                UnityAssertNumbersWithin
 .text.UnityAssertEqualString
                0x00000000000019ee       0xea build/test/out/unity.o
                0x00000000000019ee                UnityAssertEqualString
 .text.UnityAssertEqualStringLen
                0x0000000000001ad8      0x1ac build/test/out/unity.o
                0x0000000000001ad8                UnityAssertEqualStringLen
 .text.UnityAssertEqualStringArray
                0x0000000000001c84      0x216 build/test/out/unity.o
                0x0000000000001c84                UnityAssertEqualStringArray
 .text.UnityAssertEqualMemory
                0x0000000000001e9a      0x294 build/test/out/unity.o
                0x0000000000001e9a                UnityAssertEqualMemory
 .text.UnityNumToPtr
                0x000000000000212e       0x36 build/test/out/unity.o
                0x000000000000212e                UnityNumToPtr
 .text.UnityFloatToPtr
                0x0000000000002164       0x16 build/test/out/unity.o
                0x0000000000002164                UnityFloatToPtr
 .text.UnityFail
                0x000000000000217a       0xe4 build/test/out/unity.o
                0x000000000000217a                UnityFail
 .text.UnityIgnore
                0x000000000000225e       0x90 build/test/out/unity.o
                0x000000000000225e                UnityIgnore
 .text.setUp    0x00000000000022ee        0x2 build/test/out/unity.o
                0x00000000000022ee                setUp
 .text.tearDown
                0x00000000000022f0        0x2 build/test/out/unity.o
                0x00000000000022f0                tearDown
 .text.UnityDefaultTestRun
                0x00000000000022f2       0x94 build/test/out/unity.o
                0x00000000000022f2                UnityDefaultTestRun
 .text.UnityBegin
                0x0000000000002386       0x58 build/test/out/unity.o
                0x0000000000002386                UnityBegin
 .text.UnityEnd
                0x00000000000023de       0xb4 build/test/out/unity.o
                0x00000000000023de                UnityEnd
 .text.CMock_Guts_MemNew
                0x0000000000002492       0x50 build/test/out/cmock.o
                0x0000000000002492                CMock_Guts_MemNew
 .text.CMock_Guts_MemChain
                0x00000000000024e2       0x66 build/test/out/cmock.o
                0x00000000000024e2                CMock_Guts_MemChain
 .text.CMock_Guts_MemNext
                0x0000000000002548       0x32 build/test/out/cmock.o
                0x0000000000002548                CMock_Guts_MemNext
 .text.CMock_Guts_MemEndOfChain
                0x000000000000257a       0x38 build/test/out/cmock.o
                0x000000000000257a                CMock_Guts_MemEndOfChain
 .text.CMock_Guts_GetAddressFor
                0x00000000000025b2       0x20 build/test/out/cmock.o
                0x00000000000025b2                CMock_Guts_GetAddressFor
 .text.CMock_Guts_MemBytesFree
                0x00000000000025d2       0x12 build/test/out/cmock.o
                0x00000000000025d2                CMock_Guts_MemBytesFree
 .text.CMock_Guts_MemBytesUsed
                0x00000000000025e4        0xc build/test/out/cmock.o
                0x00000000000025e4                CMock_Guts_MemBytesUsed
 .text.CMock_Guts_MemFreeAll
                0x00000000000025f0        0xe build/test/out/cmock.o
                0x00000000000025f0                CMock_Guts_MemFreeAll
 .text.CMock_Guts_MemFreeFinal
                0x00000000000025fe        0xe build/test/out/cmock.o
                0x00000000000025fe                CMock_Guts_MemFreeFinal
 .text.uart_init
                0x000000000000260c       0x62 test/support/libUartSupport.a(uart_output.o)
                0x000000000000260c                uart_init
 .text.uart_putchar
                0x000000000000266e        0xe test/support/libUartSupport.a(uart_output.o)
                0x000000000000266e                uart_putchar
 .text.uart_complete
                0x000000000000267c       0xb8 test/support/libUartSupport.a(uart_output.o)
                0x000000000000267c                uart_complete
 .text.libgcc.mul
                0x0000000000002734        0x0 /usr/lib/gcc/avr/4.9.2/avr6/libgcc.a(_udivmodsi4.o)
 .text.libgcc.div
                0x0000000000002734       0x44 /usr/lib/gcc/avr/4.9.2/avr6/libgcc.a(_udivmodsi4.o)
                0x0000000000002734                __udivmodsi4
 .text.libgcc   0x0000000000002778        0x0 /usr/lib/gcc/avr/4.9.2/avr6/libgcc.a(_udivmodsi4.o)
 .text.libgcc.prologue
                0x0000000000002778        0x0 /usr/lib/gcc/avr/4.9.2/avr6/libgcc.a(_udivmodsi4.o)
 .text.libgcc.builtins
                0x0000000000002778        0x0 /usr/lib/gcc/avr/4.9.2/avr6/libgcc.a(_udivmodsi4.o)
 .text.libgcc.fmul
                0x0000000000002778        0x0 /usr/lib/gcc/avr/4.9.2/avr6/libgcc.a(_udivmodsi4.o)
 .text.libgcc.fixed
                0x0000000000002778        0x0 /usr/lib/gcc/avr/4.9.2/avr6/libgcc.a(_udivmodsi4.o)
 .text.libgcc.mul
                0x0000000000002778        0x0 /usr/lib/gcc/avr/4.9.2/avr6/libgcc.a(_divmodsi4.o)
 .text.libgcc.div
                0x0000000000002778       0x2e /usr/lib/gcc/avr/4.9.2/avr6/libgcc.a(_divmodsi4.o)
                0x0000000000002778                __divmodsi4
 .text.libgcc   0x00000000000027a6        0x0 /usr/lib/gcc/avr/4.9.2/avr6/libgcc.a(_divmodsi4.o)
 .text.libgcc.prologue
                0x00000000000027a6        0x0 /usr/lib/gcc/avr/4.9.2/avr6/libgcc.a(_divmodsi4.o)
 .text.libgcc.builtins
                0x00000000000027a6        0x0 /usr/lib/gcc/avr/4.9.2/avr6/libgcc.a(_divmodsi4.o)
 .text.libgcc.fmul
                0x00000000000027a6        0x0 /usr/lib/gcc/avr/4.9.2/avr6/libgcc.a(_divmodsi4.o)
 .text.libgcc.fixed
                0x00000000000027a6        0x0 /usr/lib/gcc/avr/4.9.2/avr6/libgcc.a(_divmodsi4.o)
 .text.libgcc.mul
                0x00000000000027a6        0x0 /usr/lib/gcc/avr/4.9.2/avr6/libgcc.a(_negsi2.o)
 .text.libgcc.div
                0x00000000000027a6       0x10 /usr/lib/gcc/avr/4.9.2/avr6/libgcc.a(_negsi2.o)
                0x00000000000027a6                __negsi2
 .text.libgcc   0x00000000000027b6        0x0 /usr/lib/gcc/avr/4.9.2/avr6/libgcc.a(_negsi2.o)
 .text.libgcc.prologue
                0x00000000000027b6        0x0 /usr/lib/gcc/avr/4.9.2/avr6/libgcc.a(_negsi2.o)
 .text.libgcc.builtins
                0x00000000000027b6        0x0 /usr/lib/gcc/avr/4.9.2/avr6/libgcc.a(_negsi2.o)
 .text.libgcc.fmul
                0x00000000000027b6        0x0 /usr/lib/gcc/avr/4.9.2/avr6/libgcc.a(_negsi2.o)
 .text.libgcc.fixed
                0x00000000000027b6        0x0 /usr/lib/gcc/avr/4.9.2/avr6/libgcc.a(_negsi2.o)
 .text.libgcc.mul
                0x00000000000027b6        0x0 /usr/lib/gcc/avr/4.9.2/avr6/libgcc.a(_exit.o)
 .text.libgcc.div
                0x00000000000027b6        0x0 /usr/lib/gcc/avr/4.9.2/avr6/libgcc.a(_exit.o)
 .text.libgcc   0x00000000000027b6        0x0 /usr/lib/gcc/avr/4.9.2/avr6/libgcc.a(_exit.o)
 .text.libgcc.prologue
                0x00000000000027b6        0x0 /usr/lib/gcc/avr/4.9.2/avr6/libgcc.a(_exit.o)
 .text.libgcc.builtins
                0x00000000000027b6        0x0 /usr/lib/gcc/avr/4.9.2/avr6/libgcc.a(_exit.o)
 .text.libgcc.fmul
                0x00000000000027b6        0x0 /usr/lib/gcc/avr/4.9.2/avr6/libgcc.a(_exit.o)
 .text.libgcc.fixed
                0x00000000000027b6        0x0 /usr/lib/gcc/avr/4.9.2/avr6/libgcc.a(_exit.o)
 .text.libgcc.mul
                0x00000000000027b6        0x0 /usr/lib/gcc/avr/4.9.2/avr6/libgcc.a(_tablejump2.o)
 .text.libgcc.div
                0x00000000000027b6        0x0 /usr/lib/gcc/avr/4.9.2/avr6/libgcc.a(_tablejump2.o)
 .text.libgcc   0x00000000000027b6       0x10 /usr/lib/gcc/avr/4.9.2/avr6/libgcc.a(_tablejump2.o)
                0x00000000000027b6                __tablejump2__
 .text.libgcc.prologue
                0x00000000000027c6        0x0 /usr/lib/gcc/avr/4.9.2/avr6/libgcc.a(_tablejump2.o)
 .text.libgcc.builtins
                0x00000000000027c6        0x0 /usr/lib/gcc/avr/4.9.2/avr6/libgcc.a(_tablejump2.o)
 .text.libgcc.fmul
                0x00000000000027c6        0x0 /usr/lib/gcc/avr/4.9.2/avr6/libgcc.a(_tablejump2.o)
 .text.libgcc.fixed
                0x00000000000027c6        0x0 /usr/lib/gcc/avr/4.9.2/avr6/libgcc.a(_tablejump2.o)
 .text.libgcc.mul
                0x00000000000027c6        0x0 /usr/lib/gcc/avr/4.9.2/avr6/libgcc.a(_copy_data.o)
 .text.libgcc.div
                0x00000000000027c6        0x0 /usr/lib/gcc/avr/4.9.2/avr6/libgcc.a(_copy_data.o)
 .text.libgcc   0x00000000000027c6        0x0 /usr/lib/gcc/avr/4.9.2/avr6/libgcc.a(_copy_data.o)
 .text.libgcc.prologue
                0x00000000000027c6        0x0 /usr/lib/gcc/avr/4.9.2/avr6/libgcc.a(_copy_data.o)
 .text.libgcc.builtins
                0x00000000000027c6        0x0 /usr/lib/gcc/avr/4.9.2/avr6/libgcc.a(_copy_data.o)
 .text.libgcc.fmul
                0x00000000000027c6        0x0 /usr/lib/gcc/avr/4.9.2/avr6/libgcc.a(_copy_data.o)
 .text.libgcc.fixed
                0x00000000000027c6        0x0 /usr/lib/gcc/avr/4.9.2/avr6/libgcc.a(_copy_data.o)
 .text.libgcc.mul
                0x00000000000027c6        0x0 /usr/lib/gcc/avr/4.9.2/avr6/libgcc.a(_clear_bss.o)
 .text.libgcc.div
                0x00000000000027c6        0x0 /usr/lib/gcc/avr/4.9.2/avr6/libgcc.a(_clear_bss.o)
 .text.libgcc   0x00000000000027c6        0x0 /usr/lib/gcc/avr/4.9.2/avr6/libgcc.a(_clear_bss.o)
 .text.libgcc.prologue
                0x00000000000027c6        0x0 /usr/lib/gcc/avr/4.9.2/avr6/libgcc.a(_clear_bss.o)
 .text.libgcc.builtins
                0x00000000000027c6        0x0 /usr/lib/gcc/avr/4.9.2/avr6/libgcc.a(_clear_bss.o)
 .text.libgcc.fmul
                0x00000000000027c6        0x0 /usr/lib/gcc/avr/4.9.2/avr6/libgcc.a(_clear_bss.o)
 .text.libgcc.fixed
                0x00000000000027c6        0x0 /usr/lib/gcc/avr/4.9.2/avr6/libgcc.a(_clear_bss.o)
 .text.avr-libc.fplib
                0x00000000000027c6        0xe /usr/lib/gcc/avr/4.9.2/../../../avr/lib/avr6/libm.a(addsf3.o)
                0x00000000000027c6                __subsf3
                0x00000000000027c8                __addsf3
 .text.avr-libc.fplib
                0x00000000000027d4       0xcc /usr/lib/gcc/avr/4.9.2/../../../avr/lib/avr6/libm.a(addsf3x.o)
                0x00000000000027f6                __addsf3x
 .text.avr-libc.fplib
                0x00000000000028a0        0xa /usr/lib/gcc/avr/4.9.2/../../../avr/lib/avr6/libm.a(cmpsf2.o)
                0x00000000000028a0                __lesf2
                0x00000000000028a0                __nesf2
                0x00000000000028a0                __eqsf2
                0x00000000000028a0                __cmpsf2
                0x00000000000028a0                __ltsf2
 .text.avr-libc.fplib
                0x00000000000028aa        0x8 /usr/lib/gcc/avr/4.9.2/../../../avr/lib/avr6/libm.a(divsf3.o)
                0x00000000000028aa                __divsf3
 .text.avr-libc.fplib
                0x00000000000028b2       0xdc /usr/lib/gcc/avr/4.9.2/../../../avr/lib/avr6/libm.a(divsf3x.o)
                0x00000000000028d2                __divsf3x
                0x00000000000028d8                __divsf3_pse
 .text.avr-libc.fplib
                0x000000000000298e        0xe /usr/lib/gcc/avr/4.9.2/../../../avr/lib/avr6/libm.a(fixsfsi.o)
                0x000000000000298e                __fixsfsi
 .text.avr-libc.fplib
                0x000000000000299c       0x5e /usr/lib/gcc/avr/4.9.2/../../../avr/lib/avr6/libm.a(fixunssfsi.o)
                0x000000000000299c                __fixunssfsi
 .text.avr-libc.fplib
                0x00000000000029fa       0x7a /usr/lib/gcc/avr/4.9.2/../../../avr/lib/avr6/libm.a(floatsisf.o)
                0x00000000000029fa                __floatunsisf
                0x00000000000029fe                __floatsisf
 .text.avr-libc.fplib
                0x0000000000002a74       0x48 /usr/lib/gcc/avr/4.9.2/../../../avr/lib/avr6/libm.a(fp_cmp.o)
                0x0000000000002a74                __fp_cmp
 .text.avr-libc.fplib
                0x0000000000002abc        0xc /usr/lib/gcc/avr/4.9.2/../../../avr/lib/avr6/libm.a(fp_inf.o)
                0x0000000000002abc                __fp_inf
 .text.avr-libc.fplib
                0x0000000000002ac8        0x6 /usr/lib/gcc/avr/4.9.2/../../../avr/lib/avr6/libm.a(fp_nan.o)
                0x0000000000002ac8                __fp_nan
 .text.avr-libc.fplib
                0x0000000000002ace        0xe /usr/lib/gcc/avr/4.9.2/../../../avr/lib/avr6/libm.a(fp_pscA.o)
                0x0000000000002ace                __fp_pscA
 .text.avr-libc.fplib
                0x0000000000002adc        0xe /usr/lib/gcc/avr/4.9.2/../../../avr/lib/avr6/libm.a(fp_pscB.o)
                0x0000000000002adc                __fp_pscB
 .text.avr-libc.fplib
                0x0000000000002aea       0x22 /usr/lib/gcc/avr/4.9.2/../../../avr/lib/avr6/libm.a(fp_round.o)
                0x0000000000002aea                __fp_round
 .text.avr-libc.fplib
                0x0000000000002b0c       0x44 /usr/lib/gcc/avr/4.9.2/../../../avr/lib/avr6/libm.a(fp_split3.o)
                0x0000000000002b0c                __fp_split3
                0x0000000000002b1c                __fp_splitA
 .text.avr-libc.fplib
                0x0000000000002b50        0xe /usr/lib/gcc/avr/4.9.2/../../../avr/lib/avr6/libm.a(fp_zero.o)
                0x0000000000002b50                __fp_zero
                0x0000000000002b52                __fp_szero
 .text.avr-libc.fplib
                0x0000000000002b5e        0xa /usr/lib/gcc/avr/4.9.2/../../../avr/lib/avr6/libm.a(gesf2.o)
                0x0000000000002b5e                __gtsf2
                0x0000000000002b5e                __gesf2
 .text.avr-libc.fplib
                0x0000000000002b68        0x8 /usr/lib/gcc/avr/4.9.2/../../../avr/lib/avr6/libm.a(mulsf3.o)
                0x0000000000002b68                __mulsf3
 .text.avr-libc.fplib
                0x0000000000002b70       0xd2 /usr/lib/gcc/avr/4.9.2/../../../avr/lib/avr6/libm.a(mulsf3x.o)
                0x0000000000002b8e                __mulsf3x
                0x0000000000002b94                __mulsf3_pse
 .text.avr-libc
                0x0000000000002c42       0x8e /usr/lib/gcc/avr/4.9.2/../../../avr/lib/avr6/libc.a(setjmp.o)
                0x0000000000002c42                setjmp
                0x0000000000002c86                longjmp
                0x0000000000002cd0                . = ALIGN (0x2)
 *(.fini9)
 .fini9         0x0000000000002cd0        0x0 /usr/lib/gcc/avr/4.9.2/avr6/libgcc.a(_exit.o)
                0x0000000000002cd0                exit
                0x0000000000002cd0                _exit
 *(.fini9)
 *(.fini8)
 *(.fini8)
 *(.fini7)
 *(.fini7)
 *(.fini6)
 *(.fini6)
 *(.fini5)
 *(.fini5)
 *(.fini4)
 *(.fini4)
 *(.fini3)
 *(.fini3)
 *(.fini2)
 *(.fini2)
 *(.fini1)
 *(.fini1)
 *(.fini0)
 .fini0         0x0000000000002cd0        0x4 /usr/lib/gcc/avr/4.9.2/avr6/libgcc.a(_exit.o)
 *(.fini0)
                0x0000000000002cd4                _etext = .

.data           0x0000000000800200      0x360 load address 0x0000000000002cd4
                0x0000000000800200                PROVIDE (__data_start, .)
 *(.data)
 .data          0x0000000000800200        0x0 /usr/lib/gcc/avr/4.9.2/../../../avr/lib/avr6/crtatmega2560.o
 .data          0x0000000000800200        0x0 build/test/out/test_Things_runner.o
 .data          0x0000000000800200        0x0 build/test/out/test_Things.o
 .data          0x0000000000800200        0x0 build/test/out/unity.o
 .data          0x0000000000800200        0x0 build/test/out/cmock.o
 .data          0x0000000000800200        0x0 test/support/libUartSupport.a(uart_output.o)
 .data          0x0000000000800200        0x0 /usr/lib/gcc/avr/4.9.2/avr6/libgcc.a(_udivmodsi4.o)
 .data          0x0000000000800200        0x0 /usr/lib/gcc/avr/4.9.2/avr6/libgcc.a(_divmodsi4.o)
 .data          0x0000000000800200        0x0 /usr/lib/gcc/avr/4.9.2/avr6/libgcc.a(_negsi2.o)
 .data          0x0000000000800200        0x0 /usr/lib/gcc/avr/4.9.2/avr6/libgcc.a(_exit.o)
 .data          0x0000000000800200        0x0 /usr/lib/gcc/avr/4.9.2/avr6/libgcc.a(_tablejump2.o)
 .data          0x0000000000800200        0x0 /usr/lib/gcc/avr/4.9.2/avr6/libgcc.a(_copy_data.o)
 .data          0x0000000000800200        0x0 /usr/lib/gcc/avr/4.9.2/avr6/libgcc.a(_clear_bss.o)
 .data          0x0000000000800200        0x0 /usr/lib/gcc/avr/4.9.2/../../../avr/lib/avr6/libm.a(addsf3.o)
 .data          0x0000000000800200        0x0 /usr/lib/gcc/avr/4.9.2/../../../avr/lib/avr6/libm.a(addsf3x.o)
 .data          0x0000000000800200        0x0 /usr/lib/gcc/avr/4.9.2/../../../avr/lib/avr6/libm.a(cmpsf2.o)
 .data          0x0000000000800200        0x0 /usr/lib/gcc/avr/4.9.2/../../../avr/lib/avr6/libm.a(divsf3.o)
 .data          0x0000000000800200        0x0 /usr/lib/gcc/avr/4.9.2/../../../avr/lib/avr6/libm.a(divsf3x.o)
 .data          0x0000000000800200        0x0 /usr/lib/gcc/avr/4.9.2/../../../avr/lib/avr6/libm.a(fixsfsi.o)
 .data          0x0000000000800200        0x0 /usr/lib/gcc/avr/4.9.2/../../../avr/lib/avr6/libm.a(fixunssfsi.o)
 .data          0x0000000000800200        0x0 /usr/lib/gcc/avr/4.9.2/../../../avr/lib/avr6/libm.a(floatsisf.o)
 .data          0x0000000000800200        0x0 /usr/lib/gcc/avr/4.9.2/../../../avr/lib/avr6/libm.a(fp_cmp.o)
 .data          0x0000000000800200        0x0 /usr/lib/gcc/avr/4.9.2/../../../avr/lib/avr6/libm.a(fp_inf.o)
 .data          0x0000000000800200        0x0 /usr/lib/gcc/avr/4.9.2/../../../avr/lib/avr6/libm.a(fp_nan.o)
 .data          0x0000000000800200        0x0 /usr/lib/gcc/avr/4.9.2/../../../avr/lib/avr6/libm.a(fp_pscA.o)
 .data          0x0000000000800200        0x0 /usr/lib/gcc/avr/4.9.2/../../../avr/lib/avr6/libm.a(fp_pscB.o)
 .data          0x0000000000800200        0x0 /usr/lib/gcc/avr/4.9.2/../../../avr/lib/avr6/libm.a(fp_round.o)
 .data          0x0000000000800200        0x0 /usr/lib/gcc/avr/4.9.2/../../../avr/lib/avr6/libm.a(fp_split3.o)
 .data          0x0000000000800200        0x0 /usr/lib/gcc/avr/4.9.2/../../../avr/lib/avr6/libm.a(fp_zero.o)
 .data          0x0000000000800200        0x0 /usr/lib/gcc/avr/4.9.2/../../../avr/lib/avr6/libm.a(gesf2.o)
 .data          0x0000000000800200        0x0 /usr/lib/gcc/avr/4.9.2/../../../avr/lib/avr6/libm.a(mulsf3.o)
 .data          0x0000000000800200        0x0 /usr/lib/gcc/avr/4.9.2/../../../avr/lib/avr6/libm.a(mulsf3x.o)
 .data          0x0000000000800200        0x0 /usr/lib/gcc/avr/4.9.2/../../../avr/lib/avr6/libc.a(setjmp.o)
 *(.data*)
 .data.CMockStringMismatch
                0x0000000000800200        0x2 build/test/out/cmock.o
                0x0000000000800200                CMockStringMismatch
 .data.CMockStringExpNULL
                0x0000000000800202        0x2 build/test/out/cmock.o
                0x0000000000800202                CMockStringExpNULL
 .data.CMockStringPtrIsNULL
                0x0000000000800204        0x2 build/test/out/cmock.o
                0x0000000000800204                CMockStringPtrIsNULL
 .data.CMockStringPtrPreExp
                0x0000000000800206        0x2 build/test/out/cmock.o
                0x0000000000800206                CMockStringPtrPreExp
 .data.CMockStringIgnPreExp
                0x0000000000800208        0x2 build/test/out/cmock.o
                0x0000000000800208                CMockStringIgnPreExp
 .data.CMockStringCallOrder
                0x000000000080020a        0x2 build/test/out/cmock.o
                0x000000000080020a                CMockStringCallOrder
 .data.CMockStringCalledLate
                0x000000000080020c        0x2 build/test/out/cmock.o
                0x000000000080020c                CMockStringCalledLate
 .data.CMockStringCalledEarly
                0x000000000080020e        0x2 build/test/out/cmock.o
                0x000000000080020e                CMockStringCalledEarly
 .data.CMockStringCalledLess
                0x0000000000800210        0x2 build/test/out/cmock.o
                0x0000000000800210                CMockStringCalledLess
 .data.CMockStringCalledMore
                0x0000000000800212        0x2 build/test/out/cmock.o
                0x0000000000800212                CMockStringCalledMore
 .data.CMockStringOutOfMemory
                0x0000000000800214        0x2 build/test/out/cmock.o
                0x0000000000800214                CMockStringOutOfMemory
 *(.rodata)
 .rodata        0x0000000000800216        0x8 build/test/out/unity.o
 *(.rodata*)
 .rodata.str1.1
                0x000000000080021e       0x1d build/test/out/test_Things_runner.o
 .rodata.str1.1
                0x000000000080023b        0xc build/test/out/unity.o
 .rodata.UnityStrDetail2Name
                0x0000000000800247        0xb build/test/out/unity.o
 .rodata.UnityStrDetail1Name
                0x0000000000800252        0xa build/test/out/unity.o
 .rodata.UnityStrResultsIgnored
                0x000000000080025c        0xa build/test/out/unity.o
 .rodata.UnityStrResultsFailures
                0x0000000000800266        0xb build/test/out/unity.o
 .rodata.UnityStrResultsTests
                0x0000000000800271        0x8 build/test/out/unity.o
 .rodata.UnityStrBreaker
                0x0000000000800279       0x18 build/test/out/unity.o
 .rodata.UnityStrErr64
                0x0000000000800291       0x1e build/test/out/unity.o
                0x0000000000800291                UnityStrErr64
 .rodata.UnityStrErrDouble
                0x00000000008002af       0x20 build/test/out/unity.o
                0x00000000008002af                UnityStrErrDouble
 .rodata.UnityStrErrFloat
                0x00000000008002cf       0x1e build/test/out/unity.o
                0x00000000008002cf                UnityStrErrFloat
 .rodata.UnityStrInvalidFloatTrait
                0x00000000008002ed       0x14 build/test/out/unity.o
 .rodata.UnityStrDet
                0x0000000000800301        0xc build/test/out/unity.o
 .rodata.UnityStrNaN
                0x000000000080030d        0x4 build/test/out/unity.o
 .rodata.UnityStrNegInf
                0x0000000000800311       0x12 build/test/out/unity.o
 .rodata.UnityStrInf
                0x0000000000800323        0x9 build/test/out/unity.o
 .rodata.UnityStrNot
                0x000000000080032c        0x5 build/test/out/unity.o
 .rodata.UnityStrNullPointerForActual
                0x0000000000800331       0x19 build/test/out/unity.o
 .rodata.UnityStrNullPointerForExpected
                0x000000000080034a       0x1d build/test/out/unity.o
 .rodata.UnityStrPointless
                0x0000000000800367       0x37 build/test/out/unity.o
 .rodata.UnityStrDelta
                0x000000000080039e       0x1a build/test/out/unity.o
 .rodata.UnityStrMemory
                0x00000000008003b8       0x12 build/test/out/unity.o
 .rodata.UnityStrByte
                0x00000000008003ca        0x7 build/test/out/unity.o
 .rodata.UnityStrElement
                0x00000000008003d1        0xa build/test/out/unity.o
 .rodata.UnityStrWas
                0x00000000008003db        0x6 build/test/out/unity.o
 .rodata.UnityStrExpected
                0x00000000008003e1        0xb build/test/out/unity.o
 .rodata.UnityStrSpacer
                0x00000000008003ec        0x3 build/test/out/unity.o
 .rodata.UnityStrNull
                0x00000000008003ef        0x5 build/test/out/unity.o
 .rodata.UnityStrIgnore
                0x00000000008003f4        0x7 build/test/out/unity.o
 .rodata.UnityStrFail
                0x00000000008003fb        0x5 build/test/out/unity.o
 .rodata.UnityStrPass
                0x0000000000800400        0x5 build/test/out/unity.o
 .rodata.UnityStrOk
                0x0000000000800405        0x3 build/test/out/unity.o
 .rodata.str1.1
                0x0000000000800408      0x158 build/test/out/cmock.o
 *(.gnu.linkonce.d*)
                0x0000000000800560                . = ALIGN (0x2)
                0x0000000000800560                _edata = .
                0x0000000000800560                PROVIDE (__data_end, .)

.bss            0x0000000000800560      0x848
                0x0000000000800560                PROVIDE (__bss_start, .)
 *(.bss)
 .bss           0x0000000000800560        0x0 /usr/lib/gcc/avr/4.9.2/../../../avr/lib/avr6/crtatmega2560.o
 .bss           0x0000000000800560        0x0 build/test/out/test_Things_runner.o
 .bss           0x0000000000800560        0x0 build/test/out/test_Things.o
 .bss           0x0000000000800560        0x0 build/test/out/unity.o
 .bss           0x0000000000800560        0x0 build/test/out/cmock.o
 .bss           0x0000000000800560        0x0 test/support/libUartSupport.a(uart_output.o)
 .bss           0x0000000000800560        0x0 /usr/lib/gcc/avr/4.9.2/avr6/libgcc.a(_udivmodsi4.o)
 .bss           0x0000000000800560        0x0 /usr/lib/gcc/avr/4.9.2/avr6/libgcc.a(_divmodsi4.o)
 .bss           0x0000000000800560        0x0 /usr/lib/gcc/avr/4.9.2/avr6/libgcc.a(_negsi2.o)
 .bss           0x0000000000800560        0x0 /usr/lib/gcc/avr/4.9.2/avr6/libgcc.a(_exit.o)
 .bss           0x0000000000800560        0x0 /usr/lib/gcc/avr/4.9.2/avr6/libgcc.a(_tablejump2.o)
 .bss           0x0000000000800560        0x0 /usr/lib/gcc/avr/4.9.2/avr6/libgcc.a(_copy_data.o)
 .bss           0x0000000000800560        0x0 /usr/lib/gcc/avr/4.9.2/avr6/libgcc.a(_clear_bss.o)
 .bss           0x0000000000800560        0x0 /usr/lib/gcc/avr/4.9.2/../../../avr/lib/avr6/libm.a(addsf3.o)
 .bss           0x0000000000800560        0x0 /usr/lib/gcc/avr/4.9.2/../../../avr/lib/avr6/libm.a(addsf3x.o)
 .bss           0x0000000000800560        0x0 /usr/lib/gcc/avr/4.9.2/../../../avr/lib/avr6/libm.a(cmpsf2.o)
 .bss           0x0000000000800560        0x0 /usr/lib/gcc/avr/4.9.2/../../../avr/lib/avr6/libm.a(divsf3.o)
 .bss           0x0000000000800560        0x0 /usr/lib/gcc/avr/4.9.2/../../../avr/lib/avr6/libm.a(divsf3x.o)
 .bss           0x0000000000800560        0x0 /usr/lib/gcc/avr/4.9.2/../../../avr/lib/avr6/libm.a(fixsfsi.o)
 .bss           0x0000000000800560        0x0 /usr/lib/gcc/avr/4.9.2/../../../avr/lib/avr6/libm.a(fixunssfsi.o)
 .bss           0x0000000000800560        0x0 /usr/lib/gcc/avr/4.9.2/../../../avr/lib/avr6/libm.a(floatsisf.o)
 .bss           0x0000000000800560        0x0 /usr/lib/gcc/avr/4.9.2/../../../avr/lib/avr6/libm.a(fp_cmp.o)
 .bss           0x0000000000800560        0x0 /usr/lib/gcc/avr/4.9.2/../../../avr/lib/avr6/libm.a(fp_inf.o)
 .bss           0x0000000000800560        0x0 /usr/lib/gcc/avr/4.9.2/../../../avr/lib/avr6/libm.a(fp_nan.o)
 .bss           0x0000000000800560        0x0 /usr/lib/gcc/avr/4.9.2/../../../avr/lib/avr6/libm.a(fp_pscA.o)
 .bss           0x0000000000800560        0x0 /usr/lib/gcc/avr/4.9.2/../../../avr/lib/avr6/libm.a(fp_pscB.o)
 .bss           0x0000000000800560        0x0 /usr/lib/gcc/avr/4.9.2/../../../avr/lib/avr6/libm.a(fp_round.o)
 .bss           0x0000000000800560        0x0 /usr/lib/gcc/avr/4.9.2/../../../avr/lib/avr6/libm.a(fp_split3.o)
 .bss           0x0000000000800560        0x0 /usr/lib/gcc/avr/4.9.2/../../../avr/lib/avr6/libm.a(fp_zero.o)
 .bss           0x0000000000800560        0x0 /usr/lib/gcc/avr/4.9.2/../../../avr/lib/avr6/libm.a(gesf2.o)
 .bss           0x0000000000800560        0x0 /usr/lib/gcc/avr/4.9.2/../../../avr/lib/avr6/libm.a(mulsf3.o)
 .bss           0x0000000000800560        0x0 /usr/lib/gcc/avr/4.9.2/../../../avr/lib/avr6/libm.a(mulsf3x.o)
 .bss           0x0000000000800560        0x0 /usr/lib/gcc/avr/4.9.2/../../../avr/lib/avr6/libc.a(setjmp.o)
 *(.bss*)
 .bss.UnityQuickCompare
                0x0000000000800560        0x4 build/test/out/unity.o
 .bss.CMock_Guts_FreePtr
                0x0000000000800564        0x2 build/test/out/cmock.o
 .bss.CMock_Guts_Buffer
                0x0000000000800566      0x804 build/test/out/cmock.o
 *(COMMON)
 COMMON         0x0000000000800d6a        0x6 build/test/out/test_Things_runner.o
                0x0000000000800d6a                GlobalExpectCount
                0x0000000000800d6c                GlobalVerifyOrder
                0x0000000000800d6e                GlobalOrderError
 COMMON         0x0000000000800d70       0x38 build/test/out/unity.o
                0x0000000000800d70                Unity
                0x0000000000800da8                PROVIDE (__bss_end, .)
                0x0000000000002cd4                __data_load_start = LOADADDR (.data)
                0x0000000000003034                __data_load_end = (__data_load_start + SIZEOF (.data))

.noinit         0x0000000000800da8        0x0
                0x0000000000800da8                PROVIDE (__noinit_start, .)
 *(.noinit*)
                0x0000000000800da8                PROVIDE (__noinit_end, .)
                0x0000000000800da8                _end = .
                0x0000000000800da8                PROVIDE (__heap_start, .)

.eeprom         0x0000000000810000        0x0
 *(.eeprom*)
                0x0000000000810000                __eeprom_end = .

.fuse
 *(.fuse)
 *(.lfuse)
 *(.hfuse)
 *(.efuse)

.lock
 *(.lock*)

.signature
 *(.signature*)

.user_signatures
 *(.user_signatures*)

.stab           0x0000000000000000      0x6b4
 *(.stab)
 .stab          0x0000000000000000      0x6b4 test/support/libUartSupport.a(uart_output.o)

.stabstr        0x0000000000000000      0xd26
 *(.stabstr)
 .stabstr       0x0000000000000000      0xd26 test/support/libUartSupport.a(uart_output.o)

.stab.excl
 *(.stab.excl)

.stab.exclstr
 *(.stab.exclstr)

.stab.index
 *(.stab.index)

.stab.indexstr
 *(.stab.indexstr)

.comment        0x0000000000000000       0x11
 *(.comment)
 .comment       0x0000000000000000       0x11 build/test/out/test_Things_runner.o
                                         0x12 (size before relaxing)
 .comment       0x0000000000000011       0x12 build/test/out/test_Things.o
 .comment       0x0000000000000011       0x12 build/test/out/unity.o
 .comment       0x0000000000000011       0x12 build/test/out/cmock.o
 .comment       0x0000000000000011       0x12 test/support/libUartSupport.a(uart_output.o)

.note.gnu.avr.deviceinfo
                0x0000000000000000       0x40
 .note.gnu.avr.deviceinfo
                0x0000000000000000       0x40 /usr/lib/gcc/avr/4.9.2/../../../avr/lib/avr6/crtatmega2560.o

.note.gnu.build-id
 *(.note.gnu.build-id)

.debug
 *(.debug)

.line
 *(.line)

.debug_srcinfo
 *(.debug_srcinfo)

.debug_sfnames
 *(.debug_sfnames)

.debug_aranges
 *(.debug_aranges)

.debug_pubnames
 *(.debug_pubnames)

.debug_info
 *(.debug_info .gnu.linkonce.wi.*)

.debug_abbrev
 *(.debug_abbrev)

.debug_line
 *(.debug_line .debug_line.* .debug_line_end)

.debug_frame
 *(.debug_frame)

.debug_str
 *(.debug_str)

.debug_loc
 *(.debug_loc)

.debug_macinfo
 *(.debug_macinfo)

.debug_weaknames
 *(.debug_weaknames)

.debug_funcnames
 *(.debug_funcnames)

.debug_typenames
 *(.debug_typenames)

.debug_varnames
 *(.debug_varnames)

.debug_pubtypes
 *(.debug_pubtypes)

.debug_ranges
 *(.debug_ranges)

.debug_macro
 *(.debug_macro)
OUTPUT(build/test/out/test_Things.elf elf32-avr)
LOAD linker stubs
