Archive member included to satisfy reference by file (symbol)

test/support/libUartSupport.a(uart_output.o)
                              build/test/out/unity.o (uart_init)
/usr/lib/gcc/avr/4.9.2/avr5/libgcc.a(_udivmodsi4.o)
                              build/test/out/unity.o (__udivmodsi4)
/usr/lib/gcc/avr/4.9.2/avr5/libgcc.a(_divmodsi4.o)
                              build/test/out/unity.o (__divmodsi4)
/usr/lib/gcc/avr/4.9.2/avr5/libgcc.a(_negsi2.o)
                              /usr/lib/gcc/avr/4.9.2/avr5/libgcc.a(_divmodsi4.o) (__negsi2)
/usr/lib/gcc/avr/4.9.2/avr5/libgcc.a(_exit.o)
                              /usr/lib/gcc/avr/4.9.2/../../../avr/lib/avr5/crtatmega328p.o (exit)
/usr/lib/gcc/avr/4.9.2/avr5/libgcc.a(_tablejump2.o)
                              build/test/out/unity.o (__tablejump2__)
/usr/lib/gcc/avr/4.9.2/avr5/libgcc.a(_copy_data.o)
                              build/test/out/test_Things_runner.o (__do_copy_data)
/usr/lib/gcc/avr/4.9.2/avr5/libgcc.a(_clear_bss.o)
                              build/test/out/test_Things_runner.o (__do_clear_bss)
/usr/lib/gcc/avr/4.9.2/../../../avr/lib/avr5/libm.a(addsf3.o)
                              build/test/out/unity.o (__subsf3)
/usr/lib/gcc/avr/4.9.2/../../../avr/lib/avr5/libm.a(addsf3x.o)
                              /usr/lib/gcc/avr/4.9.2/../../../avr/lib/avr5/libm.a(addsf3.o) (__addsf3x)
/usr/lib/gcc/avr/4.9.2/../../../avr/lib/avr5/libm.a(cmpsf2.o)
                              build/test/out/unity.o (__eqsf2)
/usr/lib/gcc/avr/4.9.2/../../../avr/lib/avr5/libm.a(divsf3.o)
                              build/test/out/unity.o (__divsf3)
/usr/lib/gcc/avr/4.9.2/../../../avr/lib/avr5/libm.a(divsf3x.o)
                              /usr/lib/gcc/avr/4.9.2/../../../avr/lib/avr5/libm.a(divsf3.o) (__divsf3x)
/usr/lib/gcc/avr/4.9.2/../../../avr/lib/avr5/libm.a(fixsfsi.o)
                              build/test/out/unity.o (__fixsfsi)
/usr/lib/gcc/avr/4.9.2/../../../avr/lib/avr5/libm.a(fixunssfsi.o)
                              build/test/out/unity.o (__fixunssfsi)
/usr/lib/gcc/avr/4.9.2/../../../avr/lib/avr5/libm.a(floatsisf.o)
                              build/test/out/unity.o (__floatunsisf)
/usr/lib/gcc/avr/4.9.2/../../../avr/lib/avr5/libm.a(fp_cmp.o)
                              /usr/lib/gcc/avr/4.9.2/../../../avr/lib/avr5/libm.a(cmpsf2.o) (__fp_cmp)
/usr/lib/gcc/avr/4.9.2/../../../avr/lib/avr5/libm.a(fp_inf.o)
                              /usr/lib/gcc/avr/4.9.2/../../../avr/lib/avr5/libm.a(addsf3x.o) (__fp_inf)
/usr/lib/gcc/avr/4.9.2/../../../avr/lib/avr5/libm.a(fp_nan.o)
                              /usr/lib/gcc/avr/4.9.2/../../../avr/lib/avr5/libm.a(addsf3x.o) (__fp_nan)
/usr/lib/gcc/avr/4.9.2/../../../avr/lib/avr5/libm.a(fp_pscA.o)
                              /usr/lib/gcc/avr/4.9.2/../../../avr/lib/avr5/libm.a(addsf3x.o) (__fp_pscA)
/usr/lib/gcc/avr/4.9.2/../../../avr/lib/avr5/libm.a(fp_pscB.o)
                              /usr/lib/gcc/avr/4.9.2/../../../avr/lib/avr5/libm.a(addsf3x.o) (__fp_pscB)
/usr/lib/gcc/avr/4.9.2/../../../avr/lib/avr5/libm.a(fp_round.o)
                              /usr/lib/gcc/avr/4.9.2/../../../avr/lib/avr5/libm.a(addsf3.o) (__fp_round)
/usr/lib/gcc/avr/4.9.2/../../../avr/lib/avr5/libm.a(fp_split3.o)
                              /usr/lib/gcc/avr/4.9.2/../../../avr/lib/avr5/libm.a(addsf3x.o) (__fp_split3)
/usr/lib/gcc/avr/4.9.2/../../../avr/lib/avr5/libm.a(fp_zero.o)
                              /usr/lib/gcc/avr/4.9.2/../../../avr/lib/avr5/libm.a(addsf3x.o) (__fp_zero)
/usr/lib/gcc/avr/4.9.2/../../../avr/lib/avr5/libm.a(gesf2.o)
                              build/test/out/unity.o (__gesf2)
/usr/lib/gcc/avr/4.9.2/../../../avr/lib/avr5/libm.a(mulsf3.o)
                              build/test/out/unity.o (__mulsf3)
/usr/lib/gcc/avr/4.9.2/../../../avr/lib/avr5/libm.a(mulsf3x.o)
                              /usr/lib/gcc/avr/4.9.2/../../../avr/lib/avr5/libm.a(mulsf3.o) (__mulsf3x)
/usr/lib/gcc/avr/4.9.2/../../../avr/lib/avr5/libc.a(malloc.o)
                              build/test/out/cmock.o (free)
/usr/lib/gcc/avr/4.9.2/../../../avr/lib/avr5/libc.a(realloc.o)
                              build/test/out/cmock.o (realloc)
/usr/lib/gcc/avr/4.9.2/../../../avr/lib/avr5/libc.a(setjmp.o)
                              build/test/out/test_Things_runner.o (setjmp)
/usr/lib/gcc/avr/4.9.2/../../../avr/lib/avr5/libc.a(memcpy.o)
                              /usr/lib/gcc/avr/4.9.2/../../../avr/lib/avr5/libc.a(realloc.o) (memcpy)
/usr/lib/gcc/avr/4.9.2/avr5/libgcc.a(_prologue.o)
                              /usr/lib/gcc/avr/4.9.2/../../../avr/lib/avr5/libc.a(realloc.o) (__prologue_saves__)
/usr/lib/gcc/avr/4.9.2/avr5/libgcc.a(_epilogue.o)
                              /usr/lib/gcc/avr/4.9.2/../../../avr/lib/avr5/libc.a(realloc.o) (__epilogue_restores__)

Allocating common symbols
Common symbol       size              file

GlobalExpectCount   0x2               build/test/out/test_Things_runner.o
GlobalVerifyOrder   0x2               build/test/out/test_Things_runner.o
__brkval            0x2               /usr/lib/gcc/avr/4.9.2/../../../avr/lib/avr5/libc.a(malloc.o)
Unity               0x37              build/test/out/unity.o
__flp               0x2               /usr/lib/gcc/avr/4.9.2/../../../avr/lib/avr5/libc.a(malloc.o)
GlobalOrderError    0x2               build/test/out/test_Things_runner.o

Memory Configuration

Name             Origin             Length             Attributes
text             0x0000000000000000 0x0000000000020000 xr
data             0x0000000000800060 0x000000000000ffa0 rw !x
eeprom           0x0000000000810000 0x0000000000010000 rw !x
fuse             0x0000000000820000 0x0000000000000400 rw !x
lock             0x0000000000830000 0x0000000000000400 rw !x
signature        0x0000000000840000 0x0000000000000400 rw !x
user_signatures  0x0000000000850000 0x0000000000000400 rw !x
*default*        0x0000000000000000 0xffffffffffffffff

Linker script and memory map

Address of section .data set to 0x800100
LOAD /usr/lib/gcc/avr/4.9.2/../../../avr/lib/avr5/crtatmega328p.o
LOAD build/test/out/test_Things_runner.o
LOAD build/test/out/test_Things.o
LOAD build/test/out/unity.o
LOAD build/test/out/cmock.o
LOAD test/support/libUartSupport.a
START GROUP
LOAD /usr/lib/gcc/avr/4.9.2/avr5/libgcc.a
LOAD /usr/lib/gcc/avr/4.9.2/../../../avr/lib/avr5/libm.a
LOAD /usr/lib/gcc/avr/4.9.2/../../../avr/lib/avr5/libc.a
LOAD /usr/lib/gcc/avr/4.9.2/../../../avr/lib/avr5/libatmega328p.a
END GROUP

.hash
 *(.hash)

.dynsym
 *(.dynsym)

.dynstr
 *(.dynstr)

.gnu.version
 *(.gnu.version)

.gnu.version_d
 *(.gnu.version_d)

.gnu.version_r
 *(.gnu.version_r)

.rel.init
 *(.rel.init)

.rela.init
 *(.rela.init)

.rel.text
 *(.rel.text)
 *(.rel.text.*)
 *(.rel.gnu.linkonce.t*)

.rela.text
 *(.rela.text)
 *(.rela.text.*)
 *(.rela.gnu.linkonce.t*)

.rel.fini
 *(.rel.fini)

.rela.fini
 *(.rela.fini)

.rel.rodata
 *(.rel.rodata)
 *(.rel.rodata.*)
 *(.rel.gnu.linkonce.r*)

.rela.rodata
 *(.rela.rodata)
 *(.rela.rodata.*)
 *(.rela.gnu.linkonce.r*)

.rel.data
 *(.rel.data)
 *(.rel.data.*)
 *(.rel.gnu.linkonce.d*)

.rela.data
 *(.rela.data)
 *(.rela.data.*)
 *(.rela.gnu.linkonce.d*)

.rel.ctors
 *(.rel.ctors)

.rela.ctors
 *(.rela.ctors)

.rel.dtors
 *(.rel.dtors)

.rela.dtors
 *(.rela.dtors)

.rel.got
 *(.rel.got)

.rela.got
 *(.rela.got)

.rel.bss
 *(.rel.bss)

.rela.bss
 *(.rela.bss)

.rel.plt
 *(.rel.plt)

.rela.plt
 *(.rela.plt)

.text           0x0000000000000000     0x310e
 *(.vectors)
 .vectors       0x0000000000000000       0x68 /usr/lib/gcc/avr/4.9.2/../../../avr/lib/avr5/crtatmega328p.o
                0x0000000000000000                __vectors
                0x0000000000000000                __vector_default
 *(.vectors)
 *(.progmem.gcc*)
 .progmem.gcc_sw_table.UnityAssertFloatSpecial
                0x0000000000000068       0x10 build/test/out/unity.o
                0x0000000000000078                . = ALIGN (0x2)
                0x0000000000000078                __trampolines_start = .
 *(.trampolines)
 .trampolines   0x0000000000000078        0x0 linker stubs
 *(.trampolines*)
                0x0000000000000078                __trampolines_end = .
 *(.progmem*)
                0x0000000000000078                . = ALIGN (0x2)
 *(.jumptables)
 *(.jumptables*)
 *(.lowtext)
 *(.lowtext*)
                0x0000000000000078                __ctors_start = .
 *(.ctors)
                0x0000000000000078                __ctors_end = .
                0x0000000000000078                __dtors_start = .
 *(.dtors)
                0x0000000000000078                __dtors_end = .
 SORT(*)(.ctors)
 SORT(*)(.dtors)
 *(.init0)
 .init0         0x0000000000000078        0x0 /usr/lib/gcc/avr/4.9.2/../../../avr/lib/avr5/crtatmega328p.o
                0x0000000000000078                __init
 *(.init0)
 *(.init1)
 *(.init1)
 *(.init2)
 .init2         0x0000000000000078        0xc /usr/lib/gcc/avr/4.9.2/../../../avr/lib/avr5/crtatmega328p.o
 *(.init2)
 *(.init3)
 *(.init3)
 *(.init4)
 .init4         0x0000000000000084       0x16 /usr/lib/gcc/avr/4.9.2/avr5/libgcc.a(_copy_data.o)
                0x0000000000000084                __do_copy_data
 .init4         0x000000000000009a       0x10 /usr/lib/gcc/avr/4.9.2/avr5/libgcc.a(_clear_bss.o)
                0x000000000000009a                __do_clear_bss
 *(.init4)
 *(.init5)
 *(.init5)
 *(.init6)
 *(.init6)
 *(.init7)
 *(.init7)
 *(.init8)
 *(.init8)
 *(.init9)
 .init9         0x00000000000000aa        0x8 /usr/lib/gcc/avr/4.9.2/../../../avr/lib/avr5/crtatmega328p.o
 *(.init9)
 *(.text)
 .text          0x00000000000000b2        0x4 /usr/lib/gcc/avr/4.9.2/../../../avr/lib/avr5/crtatmega328p.o
                0x00000000000000b2                __vector_22
                0x00000000000000b2                __vector_1
                0x00000000000000b2                __vector_24
                0x00000000000000b2                __vector_12
                0x00000000000000b2                __bad_interrupt
                0x00000000000000b2                __vector_6
                0x00000000000000b2                __vector_3
                0x00000000000000b2                __vector_23
                0x00000000000000b2                __vector_25
                0x00000000000000b2                __vector_11
                0x00000000000000b2                __vector_13
                0x00000000000000b2                __vector_17
                0x00000000000000b2                __vector_19
                0x00000000000000b2                __vector_7
                0x00000000000000b2                __vector_5
                0x00000000000000b2                __vector_4
                0x00000000000000b2                __vector_9
                0x00000000000000b2                __vector_2
                0x00000000000000b2                __vector_21
                0x00000000000000b2                __vector_15
                0x00000000000000b2                __vector_8
                0x00000000000000b2                __vector_14
                0x00000000000000b2                __vector_10
                0x00000000000000b2                __vector_16
                0x00000000000000b2                __vector_18
                0x00000000000000b2                __vector_20
 .text          0x00000000000000b6        0x0 build/test/out/test_Things_runner.o
 .text          0x00000000000000b6        0x0 build/test/out/test_Things.o
 .text          0x00000000000000b6        0x0 build/test/out/unity.o
 .text          0x00000000000000b6        0x0 build/test/out/cmock.o
 .text          0x00000000000000b6        0x0 test/support/libUartSupport.a(uart_output.o)
 .text          0x00000000000000b6        0x0 /usr/lib/gcc/avr/4.9.2/avr5/libgcc.a(_udivmodsi4.o)
 .text          0x00000000000000b6        0x0 /usr/lib/gcc/avr/4.9.2/avr5/libgcc.a(_divmodsi4.o)
 .text          0x00000000000000b6        0x0 /usr/lib/gcc/avr/4.9.2/avr5/libgcc.a(_negsi2.o)
 .text          0x00000000000000b6        0x0 /usr/lib/gcc/avr/4.9.2/avr5/libgcc.a(_exit.o)
 .text          0x00000000000000b6        0x0 /usr/lib/gcc/avr/4.9.2/avr5/libgcc.a(_tablejump2.o)
 .text          0x00000000000000b6        0x0 /usr/lib/gcc/avr/4.9.2/avr5/libgcc.a(_copy_data.o)
 .text          0x00000000000000b6        0x0 /usr/lib/gcc/avr/4.9.2/avr5/libgcc.a(_clear_bss.o)
 .text          0x00000000000000b6        0x0 /usr/lib/gcc/avr/4.9.2/../../../avr/lib/avr5/libm.a(addsf3.o)
 .text          0x00000000000000b6        0x0 /usr/lib/gcc/avr/4.9.2/../../../avr/lib/avr5/libm.a(addsf3x.o)
 .text          0x00000000000000b6        0x0 /usr/lib/gcc/avr/4.9.2/../../../avr/lib/avr5/libm.a(cmpsf2.o)
 .text          0x00000000000000b6        0x0 /usr/lib/gcc/avr/4.9.2/../../../avr/lib/avr5/libm.a(divsf3.o)
 .text          0x00000000000000b6        0x0 /usr/lib/gcc/avr/4.9.2/../../../avr/lib/avr5/libm.a(divsf3x.o)
 .text          0x00000000000000b6        0x0 /usr/lib/gcc/avr/4.9.2/../../../avr/lib/avr5/libm.a(fixsfsi.o)
 .text          0x00000000000000b6        0x0 /usr/lib/gcc/avr/4.9.2/../../../avr/lib/avr5/libm.a(fixunssfsi.o)
 .text          0x00000000000000b6        0x0 /usr/lib/gcc/avr/4.9.2/../../../avr/lib/avr5/libm.a(floatsisf.o)
 .text          0x00000000000000b6        0x0 /usr/lib/gcc/avr/4.9.2/../../../avr/lib/avr5/libm.a(fp_cmp.o)
 .text          0x00000000000000b6        0x0 /usr/lib/gcc/avr/4.9.2/../../../avr/lib/avr5/libm.a(fp_inf.o)
 .text          0x00000000000000b6        0x0 /usr/lib/gcc/avr/4.9.2/../../../avr/lib/avr5/libm.a(fp_nan.o)
 .text          0x00000000000000b6        0x0 /usr/lib/gcc/avr/4.9.2/../../../avr/lib/avr5/libm.a(fp_pscA.o)
 .text          0x00000000000000b6        0x0 /usr/lib/gcc/avr/4.9.2/../../../avr/lib/avr5/libm.a(fp_pscB.o)
 .text          0x00000000000000b6        0x0 /usr/lib/gcc/avr/4.9.2/../../../avr/lib/avr5/libm.a(fp_round.o)
 .text          0x00000000000000b6        0x0 /usr/lib/gcc/avr/4.9.2/../../../avr/lib/avr5/libm.a(fp_split3.o)
 .text          0x00000000000000b6        0x0 /usr/lib/gcc/avr/4.9.2/../../../avr/lib/avr5/libm.a(fp_zero.o)
 .text          0x00000000000000b6        0x0 /usr/lib/gcc/avr/4.9.2/../../../avr/lib/avr5/libm.a(gesf2.o)
 .text          0x00000000000000b6        0x0 /usr/lib/gcc/avr/4.9.2/../../../avr/lib/avr5/libm.a(mulsf3.o)
 .text          0x00000000000000b6        0x0 /usr/lib/gcc/avr/4.9.2/../../../avr/lib/avr5/libm.a(mulsf3x.o)
 .text          0x00000000000000b6        0x0 /usr/lib/gcc/avr/4.9.2/../../../avr/lib/avr5/libc.a(malloc.o)
 .text          0x00000000000000b6        0x0 /usr/lib/gcc/avr/4.9.2/../../../avr/lib/avr5/libc.a(realloc.o)
 .text          0x00000000000000b6        0x0 /usr/lib/gcc/avr/4.9.2/../../../avr/lib/avr5/libc.a(setjmp.o)
 .text          0x00000000000000b6        0x0 /usr/lib/gcc/avr/4.9.2/../../../avr/lib/avr5/libc.a(memcpy.o)
 .text          0x00000000000000b6        0x0 /usr/lib/gcc/avr/4.9.2/avr5/libgcc.a(_prologue.o)
 .text          0x00000000000000b6        0x0 /usr/lib/gcc/avr/4.9.2/avr5/libgcc.a(_epilogue.o)
                0x00000000000000b6                . = ALIGN (0x2)
 *(.text.*)
 .text.resetTest
                0x00000000000000b6        0x8 build/test/out/test_Things_runner.o
                0x00000000000000b6                resetTest
 .text.startup.main
                0x00000000000000be       0x78 build/test/out/test_Things_runner.o
                0x00000000000000be                main
 .text.test_something
                0x0000000000000136       0x44 build/test/out/test_Things.o
                0x0000000000000136                test_something
 .text.UnityFloatsWithin
                0x000000000000017a      0x17a build/test/out/unity.o
 .text.UnityPrintDecimalAndNumberWithLeadingZeros
                0x00000000000002f4       0xbc build/test/out/unity.o
 .text.UnityPrintNumberUnsigned
                0x00000000000003b0       0xc8 build/test/out/unity.o
                0x00000000000003b0                UnityPrintNumberUnsigned
 .text.UnityPrintNumber
                0x0000000000000478       0x48 build/test/out/unity.o
                0x0000000000000478                UnityPrintNumber
 .text.UnityPrintNumberHex
                0x00000000000004c0       0x64 build/test/out/unity.o
                0x00000000000004c0                UnityPrintNumberHex
 .text.UnityPrint
                0x0000000000000524       0x80 build/test/out/unity.o
                0x0000000000000524                UnityPrint
 .text.UnityTestResultsBegin
                0x00000000000005a4       0x58 build/test/out/unity.o
 .text.UnityTestResultsFailBegin
                0x00000000000005fc       0x20 build/test/out/unity.o
 .text.UnityAddMsgIfSpecified
                0x000000000000061c       0x6a build/test/out/unity.o
 .text.UnityIsOneArrayNull
                0x0000000000000686       0x5a build/test/out/unity.o
 .text.unlikely.UnityPrintExpectedAndActualStrings
                0x00000000000006e0       0x74 build/test/out/unity.o
 .text.UnityPrintLen
                0x0000000000000754       0xca build/test/out/unity.o
                0x0000000000000754                UnityPrintLen
 .text.UnityPrintNumberByStyle
                0x000000000000081e       0x5c build/test/out/unity.o
                0x000000000000081e                UnityPrintNumberByStyle
 .text.UnityPrintMask
                0x000000000000087a       0xb4 build/test/out/unity.o
                0x000000000000087a                UnityPrintMask
 .text.UnityPrintFloat
                0x000000000000092e      0x3e4 build/test/out/unity.o
                0x000000000000092e                UnityPrintFloat
 .text.UnityConcludeTest
                0x0000000000000d12       0xcc build/test/out/unity.o
                0x0000000000000d12                UnityConcludeTest
 .text.UnityAssertBits
                0x0000000000000dde      0x116 build/test/out/unity.o
                0x0000000000000dde                UnityAssertBits
 .text.UnityAssertEqualNumber
                0x0000000000000ef4       0xee build/test/out/unity.o
                0x0000000000000ef4                UnityAssertEqualNumber
 .text.UnityAssertEqualIntArray
                0x0000000000000fe2      0x286 build/test/out/unity.o
                0x0000000000000fe2                UnityAssertEqualIntArray
 .text.UnityAssertEqualFloatArray
                0x0000000000001268      0x208 build/test/out/unity.o
                0x0000000000001268                UnityAssertEqualFloatArray
 .text.UnityAssertFloatsWithin
                0x0000000000001470       0xf0 build/test/out/unity.o
                0x0000000000001470                UnityAssertFloatsWithin
 .text.UnityAssertFloatSpecial
                0x0000000000001560      0x272 build/test/out/unity.o
                0x0000000000001560                UnityAssertFloatSpecial
 .text.UnityAssertNumbersWithin
                0x00000000000017d2      0x182 build/test/out/unity.o
                0x00000000000017d2                UnityAssertNumbersWithin
 .text.UnityAssertEqualString
                0x0000000000001954       0xea build/test/out/unity.o
                0x0000000000001954                UnityAssertEqualString
 .text.UnityAssertEqualStringLen
                0x0000000000001a3e      0x1ac build/test/out/unity.o
                0x0000000000001a3e                UnityAssertEqualStringLen
 .text.UnityAssertEqualStringArray
                0x0000000000001bea      0x216 build/test/out/unity.o
                0x0000000000001bea                UnityAssertEqualStringArray
 .text.UnityAssertEqualMemory
                0x0000000000001e00      0x294 build/test/out/unity.o
                0x0000000000001e00                UnityAssertEqualMemory
 .text.UnityNumToPtr
                0x0000000000002094       0x36 build/test/out/unity.o
                0x0000000000002094                UnityNumToPtr
 .text.UnityFloatToPtr
                0x00000000000020ca       0x16 build/test/out/unity.o
                0x00000000000020ca                UnityFloatToPtr
 .text.UnityFail
                0x00000000000020e0       0xe4 build/test/out/unity.o
                0x00000000000020e0                UnityFail
 .text.UnityIgnore
                0x00000000000021c4       0x90 build/test/out/unity.o
                0x00000000000021c4                UnityIgnore
 .text.setUp    0x0000000000002254        0x2 build/test/out/unity.o
                0x0000000000002254                setUp
 .text.tearDown
                0x0000000000002256        0x2 build/test/out/unity.o
                0x0000000000002256                tearDown
 .text.UnityDefaultTestRun
                0x0000000000002258       0x92 build/test/out/unity.o
                0x0000000000002258                UnityDefaultTestRun
 .text.UnityBegin
                0x00000000000022ea       0x58 build/test/out/unity.o
                0x00000000000022ea                UnityBegin
 .text.UnityEnd
                0x0000000000002342       0xb4 build/test/out/unity.o
                0x0000000000002342                UnityEnd
 .text.CMock_Guts_MemNext.part.0
                0x00000000000023f6       0x38 build/test/out/cmock.o
 .text.CMock_Guts_MemNew
                0x000000000000242e       0xa0 build/test/out/cmock.o
                0x000000000000242e                CMock_Guts_MemNew
 .text.CMock_Guts_MemChain
                0x00000000000024ce       0x66 build/test/out/cmock.o
                0x00000000000024ce                CMock_Guts_MemChain
 .text.CMock_Guts_MemNext
                0x0000000000002534       0x10 build/test/out/cmock.o
                0x0000000000002534                CMock_Guts_MemNext
 .text.CMock_Guts_MemEndOfChain
                0x0000000000002544       0x26 build/test/out/cmock.o
                0x0000000000002544                CMock_Guts_MemEndOfChain
 .text.CMock_Guts_GetAddressFor
                0x000000000000256a       0x28 build/test/out/cmock.o
                0x000000000000256a                CMock_Guts_GetAddressFor
 .text.CMock_Guts_MemBytesFree
                0x0000000000002592       0x16 build/test/out/cmock.o
                0x0000000000002592                CMock_Guts_MemBytesFree
 .text.CMock_Guts_MemBytesUsed
                0x00000000000025a8        0xc build/test/out/cmock.o
                0x00000000000025a8                CMock_Guts_MemBytesUsed
 .text.CMock_Guts_MemFreeAll
                0x00000000000025b4        0xe build/test/out/cmock.o
                0x00000000000025b4                CMock_Guts_MemFreeAll
 .text.CMock_Guts_MemFreeFinal
                0x00000000000025c2       0x26 build/test/out/cmock.o
                0x00000000000025c2                CMock_Guts_MemFreeFinal
 .text.uart_init
                0x00000000000025e8       0x62 test/support/libUartSupport.a(uart_output.o)
                0x00000000000025e8                uart_init
 .text.uart_putchar
                0x000000000000264a        0xe test/support/libUartSupport.a(uart_output.o)
                0x000000000000264a                uart_putchar
 .text.uart_complete
                0x0000000000002658       0xb8 test/support/libUartSupport.a(uart_output.o)
                0x0000000000002658                uart_complete
 .text.libgcc.mul
                0x0000000000002710        0x0 /usr/lib/gcc/avr/4.9.2/avr5/libgcc.a(_udivmodsi4.o)
 .text.libgcc.div
                0x0000000000002710       0x44 /usr/lib/gcc/avr/4.9.2/avr5/libgcc.a(_udivmodsi4.o)
                0x0000000000002710                __udivmodsi4
 .text.libgcc   0x0000000000002754        0x0 /usr/lib/gcc/avr/4.9.2/avr5/libgcc.a(_udivmodsi4.o)
 .text.libgcc.prologue
                0x0000000000002754        0x0 /usr/lib/gcc/avr/4.9.2/avr5/libgcc.a(_udivmodsi4.o)
 .text.libgcc.builtins
                0x0000000000002754        0x0 /usr/lib/gcc/avr/4.9.2/avr5/libgcc.a(_udivmodsi4.o)
 .text.libgcc.fmul
                0x0000000000002754        0x0 /usr/lib/gcc/avr/4.9.2/avr5/libgcc.a(_udivmodsi4.o)
 .text.libgcc.fixed
                0x0000000000002754        0x0 /usr/lib/gcc/avr/4.9.2/avr5/libgcc.a(_udivmodsi4.o)
 .text.libgcc.mul
                0x0000000000002754        0x0 /usr/lib/gcc/avr/4.9.2/avr5/libgcc.a(_divmodsi4.o)
 .text.libgcc.div
                0x0000000000002754       0x2e /usr/lib/gcc/avr/4.9.2/avr5/libgcc.a(_divmodsi4.o)
                0x0000000000002754                __divmodsi4
 .text.libgcc   0x0000000000002782        0x0 /usr/lib/gcc/avr/4.9.2/avr5/libgcc.a(_divmodsi4.o)
 .text.libgcc.prologue
                0x0000000000002782        0x0 /usr/lib/gcc/avr/4.9.2/avr5/libgcc.a(_divmodsi4.o)
 .text.libgcc.builtins
                0x0000000000002782        0x0 /usr/lib/gcc/avr/4.9.2/avr5/libgcc.a(_divmodsi4.o)
 .text.libgcc.fmul
                0x0000000000002782        0x0 /usr/lib/gcc/avr/4.9.2/avr5/libgcc.a(_divmodsi4.o)
 .text.libgcc.fixed
                0x0000000000002782        0x0 /usr/lib/gcc/avr/4.9.2/avr5/libgcc.a(_divmodsi4.o)
 .text.libgcc.mul
                0x0000000000002782        0x0 /usr/lib/gcc/avr/4.9.2/avr5/libgcc.a(_negsi2.o)
 .text.libgcc.div
                0x0000000000002782       0x10 /usr/lib/gcc/avr/4.9.2/avr5/libgcc.a(_negsi2.o)
                0x0000000000002782                __negsi2
 .text.libgcc   0x0000000000002792        0x0 /usr/lib/gcc/avr/4.9.2/avr5/libgcc.a(_negsi2.o)
 .text.libgcc.prologue
                0x0000000000002792        0x0 /usr/lib/gcc/avr/4.9.2/avr5/libgcc.a(_negsi2.o)
 .text.libgcc.builtins
                0x0000000000002792        0x0 /usr/lib/gcc/avr/4.9.2/avr5/libgcc.a(_negsi2.o)
 .text.libgcc.fmul
                0x0000000000002792        0x0 /usr/lib/gcc/avr/4.9.2/avr5/libgcc.a(_negsi2.o)
 .text.libgcc.fixed
                0x0000000000002792        0x0 /usr/lib/gcc/avr/4.9.2/avr5/libgcc.a(_negsi2.o)
 .text.libgcc.mul
                0x0000000000002792        0x0 /usr/lib/gcc/avr/4.9.2/avr5/libgcc.a(_exit.o)
 .text.libgcc.div
                0x0000000000002792        0x0 /usr/lib/gcc/avr/4.9.2/avr5/libgcc.a(_exit.o)
 .text.libgcc   0x0000000000002792        0x0 /usr/lib/gcc/avr/4.9.2/avr5/libgcc.a(_exit.o)
 .text.libgcc.prologue
                0x0000000000002792        0x0 /usr/lib/gcc/avr/4.9.2/avr5/libgcc.a(_exit.o)
 .text.libgcc.builtins
                0x0000000000002792        0x0 /usr/lib/gcc/avr/4.9.2/avr5/libgcc.a(_exit.o)
 .text.libgcc.fmul
                0x0000000000002792        0x0 /usr/lib/gcc/avr/4.9.2/avr5/libgcc.a(_exit.o)
 .text.libgcc.fixed
                0x0000000000002792        0x0 /usr/lib/gcc/avr/4.9.2/avr5/libgcc.a(_exit.o)
 .text.libgcc.mul
                0x0000000000002792        0x0 /usr/lib/gcc/avr/4.9.2/avr5/libgcc.a(_tablejump2.o)
 .text.libgcc.div
                0x0000000000002792        0x0 /usr/lib/gcc/avr/4.9.2/avr5/libgcc.a(_tablejump2.o)
 .text.libgcc   0x0000000000002792        0xc /usr/lib/gcc/avr/4.9.2/avr5/libgcc.a(_tablejump2.o)
                0x0000000000002792                __tablejump2__
 .text.libgcc.prologue
                0x000000000000279e        0x0 /usr/lib/gcc/avr/4.9.2/avr5/libgcc.a(_tablejump2.o)
 .text.libgcc.builtins
                0x000000000000279e        0x0 /usr/lib/gcc/avr/4.9.2/avr5/libgcc.a(_tablejump2.o)
 .text.libgcc.fmul
                0x000000000000279e        0x0 /usr/lib/gcc/avr/4.9.2/avr5/libgcc.a(_tablejump2.o)
 .text.libgcc.fixed
                0x000000000000279e        0x0 /usr/lib/gcc/avr/4.9.2/avr5/libgcc.a(_tablejump2.o)
 .text.libgcc.mul
                0x000000000000279e        0x0 /usr/lib/gcc/avr/4.9.2/avr5/libgcc.a(_copy_data.o)
 .text.libgcc.div
                0x000000000000279e        0x0 /usr/lib/gcc/avr/4.9.2/avr5/libgcc.a(_copy_data.o)
 .text.libgcc   0x000000000000279e        0x0 /usr/lib/gcc/avr/4.9.2/avr5/libgcc.a(_copy_data.o)
 .text.libgcc.prologue
                0x000000000000279e        0x0 /usr/lib/gcc/avr/4.9.2/avr5/libgcc.a(_copy_data.o)
 .text.libgcc.builtins
                0x000000000000279e        0x0 /usr/lib/gcc/avr/4.9.2/avr5/libgcc.a(_copy_data.o)
 .text.libgcc.fmul
                0x000000000000279e        0x0 /usr/lib/gcc/avr/4.9.2/avr5/libgcc.a(_copy_data.o)
 .text.libgcc.fixed
                0x000000000000279e        0x0 /usr/lib/gcc/avr/4.9.2/avr5/libgcc.a(_copy_data.o)
 .text.libgcc.mul
                0x000000000000279e        0x0 /usr/lib/gcc/avr/4.9.2/avr5/libgcc.a(_clear_bss.o)
 .text.libgcc.div
                0x000000000000279e        0x0 /usr/lib/gcc/avr/4.9.2/avr5/libgcc.a(_clear_bss.o)
 .text.libgcc   0x000000000000279e        0x0 /usr/lib/gcc/avr/4.9.2/avr5/libgcc.a(_clear_bss.o)
 .text.libgcc.prologue
                0x000000000000279e        0x0 /usr/lib/gcc/avr/4.9.2/avr5/libgcc.a(_clear_bss.o)
 .text.libgcc.builtins
                0x000000000000279e        0x0 /usr/lib/gcc/avr/4.9.2/avr5/libgcc.a(_clear_bss.o)
 .text.libgcc.fmul
                0x000000000000279e        0x0 /usr/lib/gcc/avr/4.9.2/avr5/libgcc.a(_clear_bss.o)
 .text.libgcc.fixed
                0x000000000000279e        0x0 /usr/lib/gcc/avr/4.9.2/avr5/libgcc.a(_clear_bss.o)
 .text.avr-libc.fplib
                0x000000000000279e        0xe /usr/lib/gcc/avr/4.9.2/../../../avr/lib/avr5/libm.a(addsf3.o)
                0x000000000000279e                __subsf3
                0x00000000000027a0                __addsf3
 .text.avr-libc.fplib
                0x00000000000027ac       0xcc /usr/lib/gcc/avr/4.9.2/../../../avr/lib/avr5/libm.a(addsf3x.o)
                0x00000000000027ce                __addsf3x
 .text.avr-libc.fplib
                0x0000000000002878        0xa /usr/lib/gcc/avr/4.9.2/../../../avr/lib/avr5/libm.a(cmpsf2.o)
                0x0000000000002878                __lesf2
                0x0000000000002878                __nesf2
                0x0000000000002878                __eqsf2
                0x0000000000002878                __cmpsf2
                0x0000000000002878                __ltsf2
 .text.avr-libc.fplib
                0x0000000000002882        0x8 /usr/lib/gcc/avr/4.9.2/../../../avr/lib/avr5/libm.a(divsf3.o)
                0x0000000000002882                __divsf3
 .text.avr-libc.fplib
                0x000000000000288a       0xdc /usr/lib/gcc/avr/4.9.2/../../../avr/lib/avr5/libm.a(divsf3x.o)
                0x00000000000028aa                __divsf3x
                0x00000000000028b0                __divsf3_pse
 .text.avr-libc.fplib
                0x0000000000002966        0xe /usr/lib/gcc/avr/4.9.2/../../../avr/lib/avr5/libm.a(fixsfsi.o)
                0x0000000000002966                __fixsfsi
 .text.avr-libc.fplib
                0x0000000000002974       0x5e /usr/lib/gcc/avr/4.9.2/../../../avr/lib/avr5/libm.a(fixunssfsi.o)
                0x0000000000002974                __fixunssfsi
 .text.avr-libc.fplib
                0x00000000000029d2       0x7a /usr/lib/gcc/avr/4.9.2/../../../avr/lib/avr5/libm.a(floatsisf.o)
                0x00000000000029d2                __floatunsisf
                0x00000000000029d6                __floatsisf
 .text.avr-libc.fplib
                0x0000000000002a4c       0x48 /usr/lib/gcc/avr/4.9.2/../../../avr/lib/avr5/libm.a(fp_cmp.o)
                0x0000000000002a4c                __fp_cmp
 .text.avr-libc.fplib
                0x0000000000002a94        0xc /usr/lib/gcc/avr/4.9.2/../../../avr/lib/avr5/libm.a(fp_inf.o)
                0x0000000000002a94                __fp_inf
 .text.avr-libc.fplib
                0x0000000000002aa0        0x6 /usr/lib/gcc/avr/4.9.2/../../../avr/lib/avr5/libm.a(fp_nan.o)
                0x0000000000002aa0                __fp_nan
 .text.avr-libc.fplib
                0x0000000000002aa6        0xe /usr/lib/gcc/avr/4.9.2/../../../avr/lib/avr5/libm.a(fp_pscA.o)
                0x0000000000002aa6                __fp_pscA
 .text.avr-libc.fplib
                0x0000000000002ab4        0xe /usr/lib/gcc/avr/4.9.2/../../../avr/lib/avr5/libm.a(fp_pscB.o)
                0x0000000000002ab4                __fp_pscB
 .text.avr-libc.fplib
                0x0000000000002ac2       0x22 /usr/lib/gcc/avr/4.9.2/../../../avr/lib/avr5/libm.a(fp_round.o)
                0x0000000000002ac2                __fp_round
 .text.avr-libc.fplib
                0x0000000000002ae4       0x44 /usr/lib/gcc/avr/4.9.2/../../../avr/lib/avr5/libm.a(fp_split3.o)
                0x0000000000002ae4                __fp_split3
                0x0000000000002af4                __fp_splitA
 .text.avr-libc.fplib
                0x0000000000002b28        0xe /usr/lib/gcc/avr/4.9.2/../../../avr/lib/avr5/libm.a(fp_zero.o)
                0x0000000000002b28                __fp_zero
                0x0000000000002b2a                __fp_szero
 .text.avr-libc.fplib
                0x0000000000002b36        0xa /usr/lib/gcc/avr/4.9.2/../../../avr/lib/avr5/libm.a(gesf2.o)
                0x0000000000002b36                __gtsf2
                0x0000000000002b36                __gesf2
 .text.avr-libc.fplib
                0x0000000000002b40        0x8 /usr/lib/gcc/avr/4.9.2/../../../avr/lib/avr5/libm.a(mulsf3.o)
                0x0000000000002b40                __mulsf3
 .text.avr-libc.fplib
                0x0000000000002b48       0xd2 /usr/lib/gcc/avr/4.9.2/../../../avr/lib/avr5/libm.a(mulsf3x.o)
                0x0000000000002b66                __mulsf3x
                0x0000000000002b6c                __mulsf3_pse
 .text.avr-libc
                0x0000000000002c1a      0x25a /usr/lib/gcc/avr/4.9.2/../../../avr/lib/avr5/libc.a(malloc.o)
                0x0000000000002c1a                malloc
                0x0000000000002d44                free
 .text.avr-libc
                0x0000000000002e74      0x194 /usr/lib/gcc/avr/4.9.2/../../../avr/lib/avr5/libc.a(realloc.o)
                0x0000000000002e74                realloc
 .text.avr-libc
                0x0000000000003008       0x82 /usr/lib/gcc/avr/4.9.2/../../../avr/lib/avr5/libc.a(setjmp.o)
                0x0000000000003008                setjmp
                0x0000000000003048                longjmp
 .text.avr-libc
                0x000000000000308a       0x12 /usr/lib/gcc/avr/4.9.2/../../../avr/lib/avr5/libc.a(memcpy.o)
                0x000000000000308a                memcpy
 .text.libgcc.mul
                0x000000000000309c        0x0 /usr/lib/gcc/avr/4.9.2/avr5/libgcc.a(_prologue.o)
 .text.libgcc.div
                0x000000000000309c        0x0 /usr/lib/gcc/avr/4.9.2/avr5/libgcc.a(_prologue.o)
 .text.libgcc   0x000000000000309c        0x0 /usr/lib/gcc/avr/4.9.2/avr5/libgcc.a(_prologue.o)
 .text.libgcc.prologue
                0x000000000000309c       0x38 /usr/lib/gcc/avr/4.9.2/avr5/libgcc.a(_prologue.o)
                0x000000000000309c                __prologue_saves__
 .text.libgcc.builtins
                0x00000000000030d4        0x0 /usr/lib/gcc/avr/4.9.2/avr5/libgcc.a(_prologue.o)
 .text.libgcc.fmul
                0x00000000000030d4        0x0 /usr/lib/gcc/avr/4.9.2/avr5/libgcc.a(_prologue.o)
 .text.libgcc.fixed
                0x00000000000030d4        0x0 /usr/lib/gcc/avr/4.9.2/avr5/libgcc.a(_prologue.o)
 .text.libgcc.mul
                0x00000000000030d4        0x0 /usr/lib/gcc/avr/4.9.2/avr5/libgcc.a(_epilogue.o)
 .text.libgcc.div
                0x00000000000030d4        0x0 /usr/lib/gcc/avr/4.9.2/avr5/libgcc.a(_epilogue.o)
 .text.libgcc   0x00000000000030d4        0x0 /usr/lib/gcc/avr/4.9.2/avr5/libgcc.a(_epilogue.o)
 .text.libgcc.prologue
                0x00000000000030d4       0x36 /usr/lib/gcc/avr/4.9.2/avr5/libgcc.a(_epilogue.o)
                0x00000000000030d4                __epilogue_restores__
 .text.libgcc.builtins
                0x000000000000310a        0x0 /usr/lib/gcc/avr/4.9.2/avr5/libgcc.a(_epilogue.o)
 .text.libgcc.fmul
                0x000000000000310a        0x0 /usr/lib/gcc/avr/4.9.2/avr5/libgcc.a(_epilogue.o)
 .text.libgcc.fixed
                0x000000000000310a        0x0 /usr/lib/gcc/avr/4.9.2/avr5/libgcc.a(_epilogue.o)
                0x000000000000310a                . = ALIGN (0x2)
 *(.fini9)
 .fini9         0x000000000000310a        0x0 /usr/lib/gcc/avr/4.9.2/avr5/libgcc.a(_exit.o)
                0x000000000000310a                exit
                0x000000000000310a                _exit
 *(.fini9)
 *(.fini8)
 *(.fini8)
 *(.fini7)
 *(.fini7)
 *(.fini6)
 *(.fini6)
 *(.fini5)
 *(.fini5)
 *(.fini4)
 *(.fini4)
 *(.fini3)
 *(.fini3)
 *(.fini2)
 *(.fini2)
 *(.fini1)
 *(.fini1)
 *(.fini0)
 .fini0         0x000000000000310a        0x4 /usr/lib/gcc/avr/4.9.2/avr5/libgcc.a(_exit.o)
 *(.fini0)
                0x000000000000310e                _etext = .

.data           0x0000000000800100      0x368 load address 0x000000000000310e
                0x0000000000800100                PROVIDE (__data_start, .)
 *(.data)
 .data          0x0000000000800100        0x0 /usr/lib/gcc/avr/4.9.2/../../../avr/lib/avr5/crtatmega328p.o
 .data          0x0000000000800100        0x0 build/test/out/test_Things_runner.o
 .data          0x0000000000800100        0x0 build/test/out/test_Things.o
 .data          0x0000000000800100        0x0 build/test/out/unity.o
 .data          0x0000000000800100        0x0 build/test/out/cmock.o
 .data          0x0000000000800100        0x0 test/support/libUartSupport.a(uart_output.o)
 .data          0x0000000000800100        0x0 /usr/lib/gcc/avr/4.9.2/avr5/libgcc.a(_udivmodsi4.o)
 .data          0x0000000000800100        0x0 /usr/lib/gcc/avr/4.9.2/avr5/libgcc.a(_divmodsi4.o)
 .data          0x0000000000800100        0x0 /usr/lib/gcc/avr/4.9.2/avr5/libgcc.a(_negsi2.o)
 .data          0x0000000000800100        0x0 /usr/lib/gcc/avr/4.9.2/avr5/libgcc.a(_exit.o)
 .data          0x0000000000800100        0x0 /usr/lib/gcc/avr/4.9.2/avr5/libgcc.a(_tablejump2.o)
 .data          0x0000000000800100        0x0 /usr/lib/gcc/avr/4.9.2/avr5/libgcc.a(_copy_data.o)
 .data          0x0000000000800100        0x0 /usr/lib/gcc/avr/4.9.2/avr5/libgcc.a(_clear_bss.o)
 .data          0x0000000000800100        0x0 /usr/lib/gcc/avr/4.9.2/../../../avr/lib/avr5/libm.a(addsf3.o)
 .data          0x0000000000800100        0x0 /usr/lib/gcc/avr/4.9.2/../../../avr/lib/avr5/libm.a(addsf3x.o)
 .data          0x0000000000800100        0x0 /usr/lib/gcc/avr/4.9.2/../../../avr/lib/avr5/libm.a(cmpsf2.o)
 .data          0x0000000000800100        0x0 /usr/lib/gcc/avr/4.9.2/../../../avr/lib/avr5/libm.a(divsf3.o)
 .data          0x0000000000800100        0x0 /usr/lib/gcc/avr/4.9.2/../../../avr/lib/avr5/libm.a(divsf3x.o)
 .data          0x0000000000800100        0x0 /usr/lib/gcc/avr/4.9.2/../../../avr/lib/avr5/libm.a(fixsfsi.o)
 .data          0x0000000000800100        0x0 /usr/lib/gcc/avr/4.9.2/../../../avr/lib/avr5/libm.a(fixunssfsi.o)
 .data          0x0000000000800100        0x0 /usr/lib/gcc/avr/4.9.2/../../../avr/lib/avr5/libm.a(floatsisf.o)
 .data          0x0000000000800100        0x0 /usr/lib/gcc/avr/4.9.2/../../../avr/lib/avr5/libm.a(fp_cmp.o)
 .data          0x0000000000800100        0x0 /usr/lib/gcc/avr/4.9.2/../../../avr/lib/avr5/libm.a(fp_inf.o)
 .data          0x0000000000800100        0x0 /usr/lib/gcc/avr/4.9.2/../../../avr/lib/avr5/libm.a(fp_nan.o)
 .data          0x0000000000800100        0x0 /usr/lib/gcc/avr/4.9.2/../../../avr/lib/avr5/libm.a(fp_pscA.o)
 .data          0x0000000000800100        0x0 /usr/lib/gcc/avr/4.9.2/../../../avr/lib/avr5/libm.a(fp_pscB.o)
 .data          0x0000000000800100        0x0 /usr/lib/gcc/avr/4.9.2/../../../avr/lib/avr5/libm.a(fp_round.o)
 .data          0x0000000000800100        0x0 /usr/lib/gcc/avr/4.9.2/../../../avr/lib/avr5/libm.a(fp_split3.o)
 .data          0x0000000000800100        0x0 /usr/lib/gcc/avr/4.9.2/../../../avr/lib/avr5/libm.a(fp_zero.o)
 .data          0x0000000000800100        0x0 /usr/lib/gcc/avr/4.9.2/../../../avr/lib/avr5/libm.a(gesf2.o)
 .data          0x0000000000800100        0x0 /usr/lib/gcc/avr/4.9.2/../../../avr/lib/avr5/libm.a(mulsf3.o)
 .data          0x0000000000800100        0x0 /usr/lib/gcc/avr/4.9.2/../../../avr/lib/avr5/libm.a(mulsf3x.o)
 .data          0x0000000000800100        0x6 /usr/lib/gcc/avr/4.9.2/../../../avr/lib/avr5/libc.a(malloc.o)
                0x0000000000800100                __malloc_heap_end
                0x0000000000800102                __malloc_heap_start
                0x0000000000800104                __malloc_margin
 .data          0x0000000000800106        0x0 /usr/lib/gcc/avr/4.9.2/../../../avr/lib/avr5/libc.a(realloc.o)
 .data          0x0000000000800106        0x0 /usr/lib/gcc/avr/4.9.2/../../../avr/lib/avr5/libc.a(setjmp.o)
 .data          0x0000000000800106        0x0 /usr/lib/gcc/avr/4.9.2/../../../avr/lib/avr5/libc.a(memcpy.o)
 .data          0x0000000000800106        0x0 /usr/lib/gcc/avr/4.9.2/avr5/libgcc.a(_prologue.o)
 .data          0x0000000000800106        0x0 /usr/lib/gcc/avr/4.9.2/avr5/libgcc.a(_epilogue.o)
 *(.data*)
 .data.CMock_Guts_BufferSize
                0x0000000000800106        0x2 build/test/out/cmock.o
 .data.CMockStringMismatch
                0x0000000000800108        0x2 build/test/out/cmock.o
                0x0000000000800108                CMockStringMismatch
 .data.CMockStringExpNULL
                0x000000000080010a        0x2 build/test/out/cmock.o
                0x000000000080010a                CMockStringExpNULL
 .data.CMockStringPtrIsNULL
                0x000000000080010c        0x2 build/test/out/cmock.o
                0x000000000080010c                CMockStringPtrIsNULL
 .data.CMockStringPtrPreExp
                0x000000000080010e        0x2 build/test/out/cmock.o
                0x000000000080010e                CMockStringPtrPreExp
 .data.CMockStringIgnPreExp
                0x0000000000800110        0x2 build/test/out/cmock.o
                0x0000000000800110                CMockStringIgnPreExp
 .data.CMockStringCallOrder
                0x0000000000800112        0x2 build/test/out/cmock.o
                0x0000000000800112                CMockStringCallOrder
 .data.CMockStringCalledLate
                0x0000000000800114        0x2 build/test/out/cmock.o
                0x0000000000800114                CMockStringCalledLate
 .data.CMockStringCalledEarly
                0x0000000000800116        0x2 build/test/out/cmock.o
                0x0000000000800116                CMockStringCalledEarly
 .data.CMockStringCalledLess
                0x0000000000800118        0x2 build/test/out/cmock.o
                0x0000000000800118                CMockStringCalledLess
 .data.CMockStringCalledMore
                0x000000000080011a        0x2 build/test/out/cmock.o
                0x000000000080011a                CMockStringCalledMore
 .data.CMockStringOutOfMemory
                0x000000000080011c        0x2 build/test/out/cmock.o
                0x000000000080011c                CMockStringOutOfMemory
 *(.rodata)
 .rodata        0x000000000080011e        0x8 build/test/out/unity.o
 *(.rodata*)
 .rodata.str1.1
                0x0000000000800126       0x1d build/test/out/test_Things_runner.o
 .rodata.str1.1
                0x0000000000800143        0xc build/test/out/unity.o
 .rodata.UnityStrDetail2Name
                0x000000000080014f        0xb build/test/out/unity.o
 .rodata.UnityStrDetail1Name
                0x000000000080015a        0xa build/test/out/unity.o
 .rodata.UnityStrResultsIgnored
                0x0000000000800164        0xa build/test/out/unity.o
 .rodata.UnityStrResultsFailures
                0x000000000080016e        0xb build/test/out/unity.o
 .rodata.UnityStrResultsTests
                0x0000000000800179        0x8 build/test/out/unity.o
 .rodata.UnityStrBreaker
                0x0000000000800181       0x18 build/test/out/unity.o
 .rodata.UnityStrErr64
                0x0000000000800199       0x1e build/test/out/unity.o
                0x0000000000800199                UnityStrErr64
 .rodata.UnityStrErrDouble
                0x00000000008001b7       0x20 build/test/out/unity.o
                0x00000000008001b7                UnityStrErrDouble
 .rodata.UnityStrErrFloat
                0x00000000008001d7       0x1e build/test/out/unity.o
                0x00000000008001d7                UnityStrErrFloat
 .rodata.UnityStrInvalidFloatTrait
                0x00000000008001f5       0x14 build/test/out/unity.o
 .rodata.UnityStrDet
                0x0000000000800209        0xc build/test/out/unity.o
 .rodata.UnityStrNaN
                0x0000000000800215        0x4 build/test/out/unity.o
 .rodata.UnityStrNegInf
                0x0000000000800219       0x12 build/test/out/unity.o
 .rodata.UnityStrInf
                0x000000000080022b        0x9 build/test/out/unity.o
 .rodata.UnityStrNot
                0x0000000000800234        0x5 build/test/out/unity.o
 .rodata.UnityStrNullPointerForActual
                0x0000000000800239       0x19 build/test/out/unity.o
 .rodata.UnityStrNullPointerForExpected
                0x0000000000800252       0x1d build/test/out/unity.o
 .rodata.UnityStrPointless
                0x000000000080026f       0x37 build/test/out/unity.o
 .rodata.UnityStrDelta
                0x00000000008002a6       0x1a build/test/out/unity.o
 .rodata.UnityStrMemory
                0x00000000008002c0       0x12 build/test/out/unity.o
 .rodata.UnityStrByte
                0x00000000008002d2        0x7 build/test/out/unity.o
 .rodata.UnityStrElement
                0x00000000008002d9        0xa build/test/out/unity.o
 .rodata.UnityStrWas
                0x00000000008002e3        0x6 build/test/out/unity.o
 .rodata.UnityStrExpected
                0x00000000008002e9        0xb build/test/out/unity.o
 .rodata.UnityStrSpacer
                0x00000000008002f4        0x3 build/test/out/unity.o
 .rodata.UnityStrNull
                0x00000000008002f7        0x5 build/test/out/unity.o
 .rodata.UnityStrIgnore
                0x00000000008002fc        0x7 build/test/out/unity.o
 .rodata.UnityStrFail
                0x0000000000800303        0x5 build/test/out/unity.o
 .rodata.UnityStrPass
                0x0000000000800308        0x5 build/test/out/unity.o
 .rodata.UnityStrOk
                0x000000000080030d        0x3 build/test/out/unity.o
 .rodata.str1.1
                0x0000000000800310      0x158 build/test/out/cmock.o
 *(.gnu.linkonce.d*)
                0x0000000000800468                . = ALIGN (0x2)
                0x0000000000800468                _edata = .
                0x0000000000800468                PROVIDE (__data_end, .)

.bss            0x0000000000800468       0x49
                0x0000000000800468                PROVIDE (__bss_start, .)
 *(.bss)
 .bss           0x0000000000800468        0x0 /usr/lib/gcc/avr/4.9.2/../../../avr/lib/avr5/crtatmega328p.o
 .bss           0x0000000000800468        0x0 build/test/out/test_Things_runner.o
 .bss           0x0000000000800468        0x0 build/test/out/test_Things.o
 .bss           0x0000000000800468        0x0 build/test/out/unity.o
 .bss           0x0000000000800468        0x0 build/test/out/cmock.o
 .bss           0x0000000000800468        0x0 test/support/libUartSupport.a(uart_output.o)
 .bss           0x0000000000800468        0x0 /usr/lib/gcc/avr/4.9.2/avr5/libgcc.a(_udivmodsi4.o)
 .bss           0x0000000000800468        0x0 /usr/lib/gcc/avr/4.9.2/avr5/libgcc.a(_divmodsi4.o)
 .bss           0x0000000000800468        0x0 /usr/lib/gcc/avr/4.9.2/avr5/libgcc.a(_negsi2.o)
 .bss           0x0000000000800468        0x0 /usr/lib/gcc/avr/4.9.2/avr5/libgcc.a(_exit.o)
 .bss           0x0000000000800468        0x0 /usr/lib/gcc/avr/4.9.2/avr5/libgcc.a(_tablejump2.o)
 .bss           0x0000000000800468        0x0 /usr/lib/gcc/avr/4.9.2/avr5/libgcc.a(_copy_data.o)
 .bss           0x0000000000800468        0x0 /usr/lib/gcc/avr/4.9.2/avr5/libgcc.a(_clear_bss.o)
 .bss           0x0000000000800468        0x0 /usr/lib/gcc/avr/4.9.2/../../../avr/lib/avr5/libm.a(addsf3.o)
 .bss           0x0000000000800468        0x0 /usr/lib/gcc/avr/4.9.2/../../../avr/lib/avr5/libm.a(addsf3x.o)
 .bss           0x0000000000800468        0x0 /usr/lib/gcc/avr/4.9.2/../../../avr/lib/avr5/libm.a(cmpsf2.o)
 .bss           0x0000000000800468        0x0 /usr/lib/gcc/avr/4.9.2/../../../avr/lib/avr5/libm.a(divsf3.o)
 .bss           0x0000000000800468        0x0 /usr/lib/gcc/avr/4.9.2/../../../avr/lib/avr5/libm.a(divsf3x.o)
 .bss           0x0000000000800468        0x0 /usr/lib/gcc/avr/4.9.2/../../../avr/lib/avr5/libm.a(fixsfsi.o)
 .bss           0x0000000000800468        0x0 /usr/lib/gcc/avr/4.9.2/../../../avr/lib/avr5/libm.a(fixunssfsi.o)
 .bss           0x0000000000800468        0x0 /usr/lib/gcc/avr/4.9.2/../../../avr/lib/avr5/libm.a(floatsisf.o)
 .bss           0x0000000000800468        0x0 /usr/lib/gcc/avr/4.9.2/../../../avr/lib/avr5/libm.a(fp_cmp.o)
 .bss           0x0000000000800468        0x0 /usr/lib/gcc/avr/4.9.2/../../../avr/lib/avr5/libm.a(fp_inf.o)
 .bss           0x0000000000800468        0x0 /usr/lib/gcc/avr/4.9.2/../../../avr/lib/avr5/libm.a(fp_nan.o)
 .bss           0x0000000000800468        0x0 /usr/lib/gcc/avr/4.9.2/../../../avr/lib/avr5/libm.a(fp_pscA.o)
 .bss           0x0000000000800468        0x0 /usr/lib/gcc/avr/4.9.2/../../../avr/lib/avr5/libm.a(fp_pscB.o)
 .bss           0x0000000000800468        0x0 /usr/lib/gcc/avr/4.9.2/../../../avr/lib/avr5/libm.a(fp_round.o)
 .bss           0x0000000000800468        0x0 /usr/lib/gcc/avr/4.9.2/../../../avr/lib/avr5/libm.a(fp_split3.o)
 .bss           0x0000000000800468        0x0 /usr/lib/gcc/avr/4.9.2/../../../avr/lib/avr5/libm.a(fp_zero.o)
 .bss           0x0000000000800468        0x0 /usr/lib/gcc/avr/4.9.2/../../../avr/lib/avr5/libm.a(gesf2.o)
 .bss           0x0000000000800468        0x0 /usr/lib/gcc/avr/4.9.2/../../../avr/lib/avr5/libm.a(mulsf3.o)
 .bss           0x0000000000800468        0x0 /usr/lib/gcc/avr/4.9.2/../../../avr/lib/avr5/libm.a(mulsf3x.o)
 .bss           0x0000000000800468        0x0 /usr/lib/gcc/avr/4.9.2/../../../avr/lib/avr5/libc.a(malloc.o)
 .bss           0x0000000000800468        0x0 /usr/lib/gcc/avr/4.9.2/../../../avr/lib/avr5/libc.a(realloc.o)
 .bss           0x0000000000800468        0x0 /usr/lib/gcc/avr/4.9.2/../../../avr/lib/avr5/libc.a(setjmp.o)
 .bss           0x0000000000800468        0x0 /usr/lib/gcc/avr/4.9.2/../../../avr/lib/avr5/libc.a(memcpy.o)
 .bss           0x0000000000800468        0x0 /usr/lib/gcc/avr/4.9.2/avr5/libgcc.a(_prologue.o)
 .bss           0x0000000000800468        0x0 /usr/lib/gcc/avr/4.9.2/avr5/libgcc.a(_epilogue.o)
 *(.bss*)
 .bss.UnityQuickCompare
                0x0000000000800468        0x4 build/test/out/unity.o
 .bss.CMock_Guts_FreePtr
                0x000000000080046c        0x2 build/test/out/cmock.o
 .bss.CMock_Guts_Buffer
                0x000000000080046e        0x2 build/test/out/cmock.o
 *(COMMON)
 COMMON         0x0000000000800470        0x6 build/test/out/test_Things_runner.o
                0x0000000000800470                GlobalExpectCount
                0x0000000000800472                GlobalVerifyOrder
                0x0000000000800474                GlobalOrderError
 COMMON         0x0000000000800476       0x37 build/test/out/unity.o
                0x0000000000800476                Unity
 COMMON         0x00000000008004ad        0x4 /usr/lib/gcc/avr/4.9.2/../../../avr/lib/avr5/libc.a(malloc.o)
                0x00000000008004ad                __brkval
                0x00000000008004af                __flp
                0x00000000008004b1                PROVIDE (__bss_end, .)
                0x000000000000310e                __data_load_start = LOADADDR (.data)
                0x0000000000003476                __data_load_end = (__data_load_start + SIZEOF (.data))

.noinit         0x00000000008004b1        0x0
                0x00000000008004b1                PROVIDE (__noinit_start, .)
 *(.noinit*)
                0x00000000008004b1                PROVIDE (__noinit_end, .)
                0x00000000008004b1                _end = .
                0x00000000008004b1                PROVIDE (__heap_start, .)

.eeprom         0x0000000000810000        0x0
 *(.eeprom*)
                0x0000000000810000                __eeprom_end = .

.fuse
 *(.fuse)
 *(.lfuse)
 *(.hfuse)
 *(.efuse)

.lock
 *(.lock*)

.signature
 *(.signature*)

.user_signatures
 *(.user_signatures*)

.stab           0x0000000000000000      0x6b4
 *(.stab)
 .stab          0x0000000000000000      0x6b4 test/support/libUartSupport.a(uart_output.o)

.stabstr        0x0000000000000000      0xd26
 *(.stabstr)
 .stabstr       0x0000000000000000      0xd26 test/support/libUartSupport.a(uart_output.o)

.stab.excl
 *(.stab.excl)

.stab.exclstr
 *(.stab.exclstr)

.stab.index
 *(.stab.index)

.stab.indexstr
 *(.stab.indexstr)

.comment        0x0000000000000000       0x11
 *(.comment)
 .comment       0x0000000000000000       0x11 build/test/out/test_Things_runner.o
                                         0x12 (size before relaxing)
 .comment       0x0000000000000011       0x12 build/test/out/test_Things.o
 .comment       0x0000000000000011       0x12 build/test/out/unity.o
 .comment       0x0000000000000011       0x12 build/test/out/cmock.o
 .comment       0x0000000000000011       0x12 test/support/libUartSupport.a(uart_output.o)
 .comment       0x0000000000000011       0x12 /usr/lib/gcc/avr/4.9.2/../../../avr/lib/avr5/libc.a(malloc.o)
 .comment       0x0000000000000011       0x12 /usr/lib/gcc/avr/4.9.2/../../../avr/lib/avr5/libc.a(realloc.o)

.note.gnu.avr.deviceinfo
                0x0000000000000000       0x40
 .note.gnu.avr.deviceinfo
                0x0000000000000000       0x40 /usr/lib/gcc/avr/4.9.2/../../../avr/lib/avr5/crtatmega328p.o

.note.gnu.build-id
 *(.note.gnu.build-id)

.debug
 *(.debug)

.line
 *(.line)

.debug_srcinfo
 *(.debug_srcinfo)

.debug_sfnames
 *(.debug_sfnames)

.debug_aranges
 *(.debug_aranges)

.debug_pubnames
 *(.debug_pubnames)

.debug_info
 *(.debug_info .gnu.linkonce.wi.*)

.debug_abbrev
 *(.debug_abbrev)

.debug_line
 *(.debug_line .debug_line.* .debug_line_end)

.debug_frame
 *(.debug_frame)

.debug_str
 *(.debug_str)

.debug_loc
 *(.debug_loc)

.debug_macinfo
 *(.debug_macinfo)

.debug_weaknames
 *(.debug_weaknames)

.debug_funcnames
 *(.debug_funcnames)

.debug_typenames
 *(.debug_typenames)

.debug_varnames
 *(.debug_varnames)

.debug_pubtypes
 *(.debug_pubtypes)

.debug_ranges
 *(.debug_ranges)

.debug_macro
 *(.debug_macro)
OUTPUT(build/test/out/test_Things.elf elf32-avr)
LOAD linker stubs
